#
# A fatal error has been detected by the Java Runtime Environment:
#
#  EXCEPTION_ACCESS_VIOLATION (0xc0000005) at pc=0x00007ff9a55a5161, pid=19932, tid=18240
#
# JRE version: Java(TM) SE Runtime Environment (18.0.2.1+1) (build 18.0.2.1+1-1)
# Java VM: Java HotSpot(TM) 64-Bit Server VM (18.0.2.1+1-1, mixed mode, emulated-client, sharing, tiered, compressed oops, compressed class ptrs, g1 gc, windows-amd64)
# Problematic frame:
# V  [jvm.dll+0x1c5161]
#
# No core dump will be written. Minidumps are not enabled by default on client versions of Windows
#
# If you would like to submit a bug report, please visit:
#   https://bugreport.java.com/bugreport/crash.jsp
#

---------------  S U M M A R Y ------------

Command Line: -XX:TieredStopAtLevel=1 com.ajayshinde.portfolio.PortfolioApplication

Host: Intel(R) Core(TM) i3-7020U CPU @ 2.30GHz, 4 cores, 7G,  Windows 10 , 64 bit Build 19041 (10.0.19041.5915)
Time: Wed Aug 12 22:29:41 2026 India Standard Time elapsed time: 39147.427440 seconds (0d 10h 52m 27s)

---------------  T H R E A D  ---------------

Current thread (0x00000127e5f26420):  WorkerThread "G1 Conc#0" [stack: 0x0000001717700000,0x0000001717800000] [id=18240]

Stack: [0x0000001717700000,0x0000001717800000],  sp=0x00000017177ff8f8,  free space=1022k
Native frames: (J=compiled Java code, j=interpreted, Vv=VM code, C=native code)
V  [jvm.dll+0x1c5161]


siginfo: EXCEPTION_ACCESS_VIOLATION (0xc0000005), reading address 0x0000000000000100


Register to memory mapping:

RIP=0x00007ff9a55a5161 jvm.dll
RAX=0x0 is NULL
RBX=0x00000127e5f14d01 points into unknown readable memory: 00 00 00 00 00 00 00
RCX=0x0000000800000000 is pointing into metadata
RDX=0x0000000083a18e44 is pointing into object: java.lang.reflect.Method 
{0x0000000083a18e40} - klass: 'java/lang/reflect/Method'
 - ---- fields (total size 11 words):
 - 'override' 'Z' @12  false
 - volatile 'accessCheckCache' 'Ljava/lang/Object;' @16  NULL (0)
 - private volatile transient 'hasRealParameterData' 'Z' @13  false
 - private volatile transient 'parameters' '[Ljava/lang/reflect/Parameter;' @20  NULL (0)
 - private volatile transient 'declaredAnnotations' 'Ljava/util/Map;' @24  a 'java/util/LinkedHashMap'{0x0000000083a18e98} (83a18e98)
 - private final 'slot' 'I' @28  13 (d)
 - private final 'modifiers' 'I' @32  4
 - private final 'clazz' 'Ljava/lang/Class;' @36  a 'java/lang/Class'{0x000000008261ac70} = 'org/springframework/web/servlet/handler/AbstractHandlerMethodMapping' (8261ac70)
 - private final 'name' 'Ljava/lang/String;' @40  "lookupHandlerMethod"{0x0000000083a18fb8} (83a18fb8)
 - private final 'returnType' 'Ljava/lang/Class;' @44  a 'java/lang/Class'{0x00000000838d3d98} = 'org/springframework/web/method/HandlerMethod' (838d3d98)
 - private final 'parameterTypes' '[Ljava/lang/Class;' @48  a 'java/lang/Class'[2] {0x0000000083a18ff8} (83a18ff8)
 - private final 'exceptionTypes' '[Ljava/lang/Class;' @52  a 'java/lang/Class'[1] {0x0000000083a19010} (83a19010)
 - private final transient 'signature' 'Ljava/lang/String;' @56  NULL (0)
 - private transient 'genericInfo' 'Lsun/reflect/generics/repository/MethodRepository;' @60  NULL (0)
 - private final 'annotations' '[B' @64  [B{0x0000000083a19028} (83a19028)
 - private final 'parameterAnnotations' '[B' @68  NULL (0)
 - private final 'annotationDefault' '[B' @72  NULL (0)
 - private synchronized 'methodAccessor' 'Ljdk/internal/reflect/MethodAccessor;' @76  NULL (0)
 - private 'root' 'Ljava/lang/reflect/Method;' @80  a 'java/lang/reflect/Method'{0x0000000083a19040} (83a19040)
 - private synchronized 'callerSensitive' 'Ljava/lang/Boolean;' @84  NULL (0)
RSP=0x00000017177ff8f8 points into unknown readable memory: 0x00007ff9a56d6e18 | 18 6e 6d a5 f9 7f 00 00
RBP=0x0 is NULL
RSI=0x00000127e5f14d10 points into unknown readable memory: 0x00000127e5f25290 | 90 52 f2 e5 27 01 00 00
RDI=0x0000000083a18e44 is pointing into object: java.lang.reflect.Method 
{0x0000000083a18e40} - klass: 'java/lang/reflect/Method'
 - ---- fields (total size 11 words):
 - 'override' 'Z' @12  false
 - volatile 'accessCheckCache' 'Ljava/lang/Object;' @16  NULL (0)
 - private volatile transient 'hasRealParameterData' 'Z' @13  false
 - private volatile transient 'parameters' '[Ljava/lang/reflect/Parameter;' @20  NULL (0)
 - private volatile transient 'declaredAnnotations' 'Ljava/util/Map;' @24  a 'java/util/LinkedHashMap'{0x0000000083a18e98} (83a18e98)
 - private final 'slot' 'I' @28  13 (d)
 - private final 'modifiers' 'I' @32  4
 - private final 'clazz' 'Ljava/lang/Class;' @36  a 'java/lang/Class'{0x000000008261ac70} = 'org/springframework/web/servlet/handler/AbstractHandlerMethodMapping' (8261ac70)
 - private final 'name' 'Ljava/lang/String;' @40  "lookupHandlerMethod"{0x0000000083a18fb8} (83a18fb8)
 - private final 'returnType' 'Ljava/lang/Class;' @44  a 'java/lang/Class'{0x00000000838d3d98} = 'org/springframework/web/method/HandlerMethod' (838d3d98)
 - private final 'parameterTypes' '[Ljava/lang/Class;' @48  a 'java/lang/Class'[2] {0x0000000083a18ff8} (83a18ff8)
 - private final 'exceptionTypes' '[Ljava/lang/Class;' @52  a 'java/lang/Class'[1] {0x0000000083a19010} (83a19010)
 - private final transient 'signature' 'Ljava/lang/String;' @56  NULL (0)
 - private transient 'genericInfo' 'Lsun/reflect/generics/repository/MethodRepository;' @60  NULL (0)
 - private final 'annotations' '[B' @64  [B{0x0000000083a19028} (83a19028)
 - private final 'parameterAnnotations' '[B' @68  NULL (0)
 - private final 'annotationDefault' '[B' @72  NULL (0)
 - private synchronized 'methodAccessor' 'Ljdk/internal/reflect/MethodAccessor;' @76  NULL (0)
 - private 'root' 'Ljava/lang/reflect/Method;' @80  a 'java/lang/reflect/Method'{0x0000000083a19040} (83a19040)
 - private synchronized 'callerSensitive' 'Ljava/lang/Boolean;' @84  NULL (0)
R8 =0x0000000800000000 is pointing into metadata
R9 =0x0 is NULL
R10=0x0000000000000041 is an unknown value
R11=0x0000000000000003 is an unknown value
R12=0x0 is NULL
R13=0xaaaaaaaaaaaaaaab is an unknown value
R14=0x0000000800f51e48 is a pointer to class: 
org.springframework.context.HierarchicalMessageSource {0x0000000800f51e50}
 - instance size:     2
 - klass size:        61
 - access:            public interface abstract 
 - state:             linked
 - name:              'org/springframework/context/HierarchicalMessageSource'
 - super:             'java/lang/Object'
 - sub:               
 - nof implementors:  1
 - implementor:    
   'org/springframework/context/support/DelegatingMessageSource'
 - arrays:            NULL
 - methods:           Array<T>(0x00000127fac4cfc0)
 - method ordering:   Array<T>(0x0000000800a7f658)
 - default_methods:   Array<T>(0x0000000000000000)
 - local interfaces:  Array<T>(0x00000127fac4cfa0)
 - trans. interfaces: Array<T>(0x00000127fac4cfa0)
 - constants:         constant pool [18] {0x00000127fac4ceb0} for 'org/springframework/context/HierarchicalMessageSource' cache=0x00000127fac51b78
 - class loader data:  loader data: 0x00000127fd8623f0 for instance a 'jdk/internal/loader/ClassLoaders$AppClassLoader'{0x00000000821dce00}
 - source file:       'HierarchicalMessageSource.java'
 - class annotations:       Array<T>(0x0000000000000000)
 - class type annotations:  Array<T>(0x0000000000000000)
 - field annotations:       Array<T>(0x0000000000000000)
 - field type annotations:  Array<T>(0x0000000000000000)
 - inner classes:     Array<T>(0x00000008005bd060)
 - nest members:     Array<T>(0x00000008005bd060)
 - permitted subclasses:     Array<T>(0x00000008005bd060)
 - java mirror:       a 'java/lang/Class'{0x0000000082c09cd0} = 'org/springframework/context/HierarchicalMessageSource'
 - vtable length      5  (start addr: 0x0000000800f52000)
 - itable length      0 (start addr: 0x0000000800f52028)
 - ---- static fields (0 words):
 - ---- non-static fields (0 words):
 - non-static oop maps: 
R15=0x0000000083428950 is an oop: org.springframework.core.MethodClassKey 
{0x0000000083428950} - klass: 'org/springframework/core/MethodClassKey'
 - ---- fields (total size 3 words):
 - private final 'method' 'Ljava/lang/reflect/Method;' @12  
[error occurred during error reporting (printing register info), id 0xc0000005, EXCEPTION_ACCESS_VIOLATION (0xc0000005) at pc=0x00007ff9a5a65cc6]

Registers:
RAX=0x0000000000000000, RBX=0x00000127e5f14d01, RCX=0x0000000800000000, RDX=0x0000000083a18e44
RSP=0x00000017177ff8f8, RBP=0x0000000000000000, RSI=0x00000127e5f14d10, RDI=0x0000000083a18e44
R8 =0x0000000800000000, R9 =0x0000000000000000, R10=0x0000000000000041, R11=0x0000000000000003
R12=0x0000000000000000, R13=0xaaaaaaaaaaaaaaab, R14=0x0000000800f51e48, R15=0x0000000083428950
RIP=0x00007ff9a55a5161, EFLAGS=0x0000000000010246

Top of Stack: (sp=0x00000017177ff8f8)
0x00000017177ff8f8:   00007ff9a56d6e18 0000000082b41200
0x00000017177ff908:   00007ff9a56d6a9f 00000127e5f28fe0
0x00000017177ff918:   00000017177ffad0 0000000083a18e44
0x00000017177ff928:   00007ff9a56d6a9f 00000127e5f28fe0
0x00000017177ff938:   00000017177ffad0 0000000800f51e40
0x00000017177ff948:   00000017177ffad0 0000000083428964
0x00000017177ff958:   00007ff9a56d4c9d 000000008342895c
0x00000017177ff968:   0000000000000000 0000000082358320
0x00000017177ff978:   00007ff9a56d48e2 00000017177ffa90
0x00000017177ff988:   0000000000000001 0000000083428950
0x00000017177ff998:   00007ff9a56d48e2 0000000800f51c38
0x00000017177ff9a8:   0000000000000003 00000017177ffad0
0x00000017177ff9b8:   0000000000000040 00000127e5f28fe0
0x00000017177ff9c8:   00007ff9a56e7a80 0000000083428950
0x00000017177ff9d8:   00000127e5f14d60 00000017177ffa90
0x00000017177ff9e8:   00000127e5f14d60 0000000083428950 

Instructions: (pc=0x00007ff9a55a5161)
0x00007ff9a55a5061:   74 32 0f 10 83 d8 02 00 00 48 8b 07 48 8d 54 24
0x00007ff9a55a5071:   20 48 8b cf 0f 29 44 24 20 ff 50 40 33 c0 48 89
0x00007ff9a55a5081:   44 24 20 48 89 44 24 28 0f 10 44 24 20 0f 11 83
0x00007ff9a55a5091:   d8 02 00 00 48 8b 5c 24 40 48 83 c4 30 5f c3 48
0x00007ff9a55a50a1:   8b 49 40 48 8b 01 48 ff 60 28 cc cc cc cc cc 80
0x00007ff9a55a50b1:   3d 72 ea 96 00 00 48 8b c1 74 1b 8b 51 08 8b 0d
0x00007ff9a55a50c1:   eb a8 8f 00 48 d3 e2 48 8b c8 48 03 15 d6 a8 8f
0x00007ff9a55a50d1:   00 e9 19 00 00 00 48 8b 51 08 48 8b c8 e9 0d 00
0x00007ff9a55a50e1:   00 00 cc cc cc cc cc cc cc cc cc cc cc cc cc 4c
0x00007ff9a55a50f1:   8b c2 48 8b d1 45 8b 48 08 45 85 c9 7e 0e 41 f6
0x00007ff9a55a5101:   c1 01 75 56 41 c1 f9 03 49 63 c1 c3 79 4c 80 3d
0x00007ff9a55a5111:   13 ea 96 00 00 b8 0c 00 00 00 b9 10 00 00 00 0f
0x00007ff9a55a5121:   45 c8 8b 05 8b ce 8f 00 ff c8 4c 63 c0 41 8b c1
0x00007ff9a55a5131:   48 c1 f8 10 48 63 14 11 41 8b c9 83 e1 3f 0f b6
0x00007ff9a55a5141:   c0 48 d3 e2 49 8d 0c 10 49 f7 d0 48 03 c1 49 c1
0x00007ff9a55a5151:   e8 03 48 c1 e8 03 49 23 c0 c3 49 8b 00 49 8b c8
0x00007ff9a55a5161:   48 ff a0 00 01 00 00 cc cc cc cc cc cc cc cc 48
0x00007ff9a55a5171:   8b c2 c3 cc cc cc cc cc cc cc cc cc cc cc cc 48
0x00007ff9a55a5181:   83 ec 38 0f 10 02 48 8b 49 40 48 8d 54 24 20 0f
0x00007ff9a55a5191:   29 44 24 20 e8 06 f2 ff ff 48 83 c4 38 c3 cc 48
0x00007ff9a55a51a1:   83 ec 38 0f 10 02 48 8b 01 48 8d 54 24 20 0f 29
0x00007ff9a55a51b1:   44 24 20 ff 50 38 48 83 c4 38 c3 cc cc cc cc 8b
0x00007ff9a55a51c1:   05 02 fe 95 00 c3 cc cc cc cc cc cc cc cc cc 48
0x00007ff9a55a51d1:   89 5c 24 08 55 56 57 41 54 41 55 41 56 41 57 48
0x00007ff9a55a51e1:   8d 6c 24 e0 48 81 ec 20 01 00 00 48 8b 05 b5 3e
0x00007ff9a55a51f1:   93 00 48 33 c4 48 89 45 10 48 8b 05 7f d5 95 00
0x00007ff9a55a5201:   45 33 ed 4c 8b b5 80 00 00 00 4c 8b fa 48 8b bd
0x00007ff9a55a5211:   88 00 00 00 4d 8b c6 49 8b d6 49 8b f1 48 8b 48
0x00007ff9a55a5221:   40 48 8b 59 40 49 8b cf c7 45 c0 ff ff ff ff 44
0x00007ff9a55a5231:   89 6d d4 4c 89 6d d8 44 88 6d e0 c7 45 e8 ff ff
0x00007ff9a55a5241:   ff ff 44 89 6d fc 4c 89 6d 00 44 88 6d 08 e8 3c
0x00007ff9a55a5251:   1e f4 ff 41 b1 01 4c 8d 45 e8 41 8d 55 04 49 8b 


Stack slot to memory mapping:
stack at sp + 0 slots: 0x00007ff9a56d6e18 jvm.dll
stack at sp + 1 slots: 0x0000000082b41200 is an oop: java.lang.Class 
{0x0000000082b41200} - klass: 'java/lang/Class'
 - ---- fields (total size 14 words):
 - private volatile transient 'classRedefinedCount' 'I' @12  0
 - abstract internal 'klass' 'J' @16  34375407728 (ef1870 8)
 - abstract internal 'array_klass' 'J' @24  0 (0 0)
 - abstract internal 'oop_size' 'I' @32  14 (e)
 - abstract internal 'static_oop_field_count' 'I' @36  0
 - private volatile transient 'cachedConstructor' 'Ljava/lang/reflect/Constructor;' @40  NULL (0)
 - private transient 'name' 'Ljava/lang/String;' @44  "org.springframework.boot.autoconfigure.web.servlet.MultipartProperties"{0x0000000082b41270} (82b41270)
 - private transient 'module' 'Ljava/lang/Module;' @48  a 'java/lang/Module'{0x00000000821dd4f0} (821dd4f0)
 - private final 'classLoader' 'Ljava/lang/ClassLoader;' @52  a 'jdk/internal/loader/ClassLoaders$AppClassLoader'{0x00000000821dce00} (821dce00)
 - private transient 'classData' 'Ljava/lang/Object;' @56  NULL (0)
 - private transient 'packageName' 'Ljava/lang/String;' @60  "org.springframework.boot.autoconfigure.web.servlet"{0x0000000082414080} (82414080)
 - private final 'componentType' 'Ljava/lang/Class;' @64  NULL (0)
 - private volatile transient 'reflectionData' 'Ljava/lang/ref/SoftReference;' @68  a 'java/lang/ref/SoftReference'{0x0000000082b412e0} (82b412e0)
 - private volatile transient 'genericInfo' 'Lsun/reflect/generics/repository/ClassRepository;' @72  a 'sun/reflect/generics/repository/ClassRepository'{0x0000000081f62b30} (81f62b30)
 - private volatile transient 'enumConstants' '[Ljava/lang/Object;' @76  NULL (0)
 - private volatile transient 'enumConstantDirectory' 'Ljava/util/Map;' @80  NULL (0)
 - private volatile transient 'annotationData' 'Ljava/lang/Class$AnnotationData;' @84  a 'java/lang/Class$AnnotationData'{0x0000000082b42148} (82b42148)
 - private volatile transient 'annotationType' 'Lsun/reflect/annotation/AnnotationType;' @88  NULL (0)
 - transient 'classValueMap' 'Ljava/lang/ClassValue$ClassValueMap;' @92  NULL (0)
 - abstract internal 'protection_domain' 'Ljava/lang/Object;' @96  a 'java/security/ProtectionDomain'{0x0000000082b3cf90} (82b3cf90)
 - abstract internal 'signers_name' 'Ljava/lang/Object;' @100  NULL (0)
 - abstract internal 'source_file' 'Ljava/lang/Object;' @104  NULL (0)
 - signature: Lorg/springframework/boot/autoconfigure/web/servlet/MultipartProperties;
 - ---- static fields (0):
stack at sp + 2 slots: 0x00007ff9a56d6a9f jvm.dll
stack at sp + 3 slots: 0x00000127e5f28fe0 points into unknown readable memory: 0x00007ff9a5cffef0 | f0 fe cf a5 f9 7f 00 00
stack at sp + 4 slots: 0x00000017177ffad0 points into unknown readable memory: 0x00007ff9a5cfff10 | 10 ff cf a5 f9 7f 00 00
stack at sp + 5 slots: 0x0000000083a18e44 is pointing into object: java.lang.reflect.Method 
{0x0000000083a18e40} - klass: 'java/lang/reflect/Method'
 - ---- fields (total size 11 words):
 - 'override' 'Z' @12  false
 - volatile 'accessCheckCache' 'Ljava/lang/Object;' @16  NULL (0)
 - private volatile transient 'hasRealParameterData' 'Z' @13  false
 - private volatile transient 'parameters' '[Ljava/lang/reflect/Parameter;' @20  NULL (0)
 - private volatile transient 'declaredAnnotations' 'Ljava/util/Map;' @24  a 'java/util/LinkedHashMap'{0x0000000083a18e98} (83a18e98)
 - private final 'slot' 'I' @28  13 (d)
 - private final 'modifiers' 'I' @32  4
 - private final 'clazz' 'Ljava/lang/Class;' @36  a 'java/lang/Class'{0x000000008261ac70} = 'org/springframework/web/servlet/handler/AbstractHandlerMethodMapping' (8261ac70)
 - private final 'name' 'Ljava/lang/String;' @40  "lookupHandlerMethod"{0x0000000083a18fb8} (83a18fb8)
 - private final 'returnType' 'Ljava/lang/Class;' @44  a 'java/lang/Class'{0x00000000838d3d98} = 'org/springframework/web/method/HandlerMethod' (838d3d98)
 - private final 'parameterTypes' '[Ljava/lang/Class;' @48  a 'java/lang/Class'[2] {0x0000000083a18ff8} (83a18ff8)
 - private final 'exceptionTypes' '[Ljava/lang/Class;' @52  a 'java/lang/Class'[1] {0x0000000083a19010} (83a19010)
 - private final transient 'signature' 'Ljava/lang/String;' @56  NULL (0)
 - private transient 'genericInfo' 'Lsun/reflect/generics/repository/MethodRepository;' @60  NULL (0)
 - private final 'annotations' '[B' @64  [B{0x0000000083a19028} (83a19028)
 - private final 'parameterAnnotations' '[B' @68  NULL (0)
 - private final 'annotationDefault' '[B' @72  NULL (0)
 - private synchronized 'methodAccessor' 'Ljdk/internal/reflect/MethodAccessor;' @76  NULL (0)
 - private 'root' 'Ljava/lang/reflect/Method;' @80  a 'java/lang/reflect/Method'{0x0000000083a19040} (83a19040)
 - private synchronized 'callerSensitive' 'Ljava/lang/Boolean;' @84  NULL (0)
stack at sp + 6 slots: 0x00007ff9a56d6a9f jvm.dll
stack at sp + 7 slots: 0x00000127e5f28fe0 points into unknown readable memory: 0x00007ff9a5cffef0 | f0 fe cf a5 f9 7f 00 00


---------------  P R O C E S S  ---------------

Threads class SMR info:
_java_thread_list=0x00000127801f9bd0, length=32, elements={
0x00000127f9581f80, 0x00000127f9583300, 0x00000127f95a3f50, 0x00000127f95c5980,
0x00000127f95c7640, 0x00000127f95c8030, 0x00000127f95ccf30, 0x00000127f95cdc30,
0x00000127fd8961e0, 0x00000127fd89c560, 0x00000127fdead020, 0x00000127fde65990,
0x00000127fddf3050, 0x00000127fddf3510, 0x00000127fdccf960, 0x00000127fdeeab00,
0x00000127fdee8950, 0x00000127fdeebe40, 0x00000127fdee97c0, 0x00000127fdee8e20,
0x00000127fdeea630, 0x00000127fdee92f0, 0x00000127fdeeafd0, 0x00000127fdeeb4a0,
0x00000127fdeeb970, 0x00000127fdee8480, 0x00000127803dd640, 0x00000127803de980,
0x00000127803dfcc0, 0x00000127803da150, 0x00000127803ddb10, 0x00000127803db490
}

Java Threads: ( => current thread )
  0x00000127f9581f80 JavaThread "Reference Handler" daemon [_thread_blocked, id=18704, stack(0x0000001717b00000,0x0000001717c00000)]
  0x00000127f9583300 JavaThread "Finalizer" daemon [_thread_blocked, id=20608, stack(0x0000001717c00000,0x0000001717d00000)]
  0x00000127f95a3f50 JavaThread "Signal Dispatcher" daemon [_thread_blocked, id=7272, stack(0x0000001717d00000,0x0000001717e00000)]
  0x00000127f95c5980 JavaThread "Attach Listener" daemon [_thread_blocked, id=12948, stack(0x0000001717e00000,0x0000001717f00000)]
  0x00000127f95c7640 JavaThread "Service Thread" daemon [_thread_blocked, id=20592, stack(0x0000001717f00000,0x0000001718000000)]
  0x00000127f95c8030 JavaThread "Monitor Deflation Thread" daemon [_thread_blocked, id=8324, stack(0x0000001718000000,0x0000001718100000)]
  0x00000127f95ccf30 JavaThread "C1 CompilerThread0" daemon [_thread_blocked, id=6292, stack(0x0000001718100000,0x0000001718200000)]
  0x00000127f95cdc30 JavaThread "Sweeper thread" daemon [_thread_blocked, id=16316, stack(0x0000001718200000,0x0000001718300000)]
  0x00000127fd8961e0 JavaThread "Notification Thread" daemon [_thread_blocked, id=16716, stack(0x0000001718400000,0x0000001718500000)]
  0x00000127fd89c560 JavaThread "Common-Cleaner" daemon [_thread_blocked, id=22304, stack(0x0000001718600000,0x0000001718700000)]
  0x00000127fdead020 JavaThread "H2 File Lock Watchdog C:/ajay_portfolio/backend/data/portfolio.lock.db" daemon [_thread_blocked, id=22564, stack(0x0000001718d00000,0x0000001718e00000)]
  0x00000127fde65990 JavaThread "H2 TCP Server (tcp://192.168.0.108:52796)" daemon [_thread_in_native, id=13628, stack(0x0000001718e00000,0x0000001718f00000)]
  0x00000127fddf3050 JavaThread "MVStore background writer C:/ajay_portfolio/backend/data/portfolio.mv.db" daemon [_thread_blocked, id=19960, stack(0x0000001719000000,0x0000001719100000)]
  0x00000127fddf3510 JavaThread "HikariPool-1 housekeeper" daemon [_thread_blocked, id=4128, stack(0x0000001719100000,0x0000001719200000)]
  0x00000127fdccf960 JavaThread "Catalina-utility-1" [_thread_blocked, id=10860, stack(0x0000001719300000,0x0000001719400000)]
  0x00000127fdeeab00 JavaThread "Catalina-utility-2" [_thread_blocked, id=12348, stack(0x0000001719400000,0x0000001719500000)]
  0x00000127fdee8950 JavaThread "container-0" [_thread_blocked, id=12152, stack(0x0000001719500000,0x0000001719600000)]
  0x00000127fdeebe40 JavaThread "H2-serialization" daemon [_thread_blocked, id=15220, stack(0x0000001719600000,0x0000001719700000)]
  0x00000127fdee97c0 JavaThread "H2-save" daemon [_thread_blocked, id=17684, stack(0x0000001719700000,0x0000001719800000)]
  0x00000127fdee8e20 JavaThread "http-nio-8080-exec-1" daemon [_thread_blocked, id=8024, stack(0x0000001719800000,0x0000001719900000)]
  0x00000127fdeea630 JavaThread "http-nio-8080-exec-2" daemon [_thread_blocked, id=12180, stack(0x0000001719900000,0x0000001719a00000)]
  0x00000127fdee92f0 JavaThread "http-nio-8080-exec-3" daemon [_thread_blocked, id=10972, stack(0x0000001719a00000,0x0000001719b00000)]
  0x00000127fdeeafd0 JavaThread "http-nio-8080-exec-4" daemon [_thread_blocked, id=15828, stack(0x0000001719b00000,0x0000001719c00000)]
  0x00000127fdeeb4a0 JavaThread "http-nio-8080-exec-5" daemon [_thread_blocked, id=7532, stack(0x0000001719c00000,0x0000001719d00000)]
  0x00000127fdeeb970 JavaThread "http-nio-8080-exec-6" daemon [_thread_blocked, id=18172, stack(0x0000001719d00000,0x0000001719e00000)]
  0x00000127fdee8480 JavaThread "http-nio-8080-exec-7" daemon [_thread_blocked, id=17568, stack(0x0000001719e00000,0x0000001719f00000)]
  0x00000127803dd640 JavaThread "http-nio-8080-exec-8" daemon [_thread_blocked, id=2896, stack(0x0000001719f00000,0x000000171a000000)]
  0x00000127803de980 JavaThread "http-nio-8080-exec-9" daemon [_thread_blocked, id=6360, stack(0x000000171a000000,0x000000171a100000)]
  0x00000127803dfcc0 JavaThread "http-nio-8080-exec-10" daemon [_thread_blocked, id=16764, stack(0x000000171a100000,0x000000171a200000)]
  0x00000127803da150 JavaThread "http-nio-8080-Poller" daemon [_thread_in_native, id=16920, stack(0x000000171a200000,0x000000171a300000)]
  0x00000127803ddb10 JavaThread "http-nio-8080-Acceptor" daemon [_thread_in_native, id=14984, stack(0x000000171a300000,0x000000171a400000)]
  0x00000127803db490 JavaThread "DestroyJavaVM" [_thread_blocked, id=21740, stack(0x0000001717400000,0x0000001717500000)]

Other Threads:
  0x00000127f957ec70 VMThread "VM Thread" [stack: 0x0000001717a00000,0x0000001717b00000] [id=11600]
  0x00000127fd89b520 WatcherThread "VM Periodic Task Thread" [stack: 0x0000001718500000,0x0000001718600000] [id=19772]
  0x00000127e5f14720 WorkerThread "GC Thread#0" [stack: 0x0000001717500000,0x0000001717600000] [id=11748]
  0x00000127fdf89050 WorkerThread "GC Thread#1" [stack: 0x0000001718700000,0x0000001718800000] [id=3680]
  0x00000127fdf892f0 WorkerThread "GC Thread#2" [stack: 0x0000001718800000,0x0000001718900000] [id=20988]
  0x00000127fdfa6bf0 WorkerThread "GC Thread#3" [stack: 0x0000001718900000,0x0000001718a00000] [id=18844]
  0x00000127e5f25290 ConcurrentGCThread "G1 Main Marker" [stack: 0x0000001717600000,0x0000001717700000] [id=14356]
=>0x00000127e5f26420 WorkerThread "G1 Conc#0" [stack: 0x0000001717700000,0x0000001717800000] [id=18240]
  0x00000127e5f64990 ConcurrentGCThread "G1 Refine#0" [stack: 0x0000001717800000,0x0000001717900000] [id=16620]
  0x00000127feab9870 ConcurrentGCThread "G1 Refine#1" [stack: 0x0000001718b00000,0x0000001718c00000] [id=10000]
  0x00000127feab9b40 ConcurrentGCThread "G1 Refine#2" [stack: 0x0000001718c00000,0x0000001718d00000] [id=20168]
  0x00000127e5f661c0 ConcurrentGCThread "G1 Service" [stack: 0x0000001717900000,0x0000001717a00000] [id=8864]

Threads with active compile tasks:

VM state: not at safepoint (normal execution)

VM Mutex/Monitor currently owned by a thread: None

Heap address: 0x0000000081e00000, size: 2018 MB, Compressed Oops mode: 32-bit

CDS archive(s) mapped at: [0x0000000800000000-0x0000000800ba0000-0x0000000800ba0000), size 12189696, SharedBaseAddress: 0x0000000800000000, ArchiveRelocationMode: 0.
Compressed class space mapped at: 0x0000000800c00000-0x0000000840c00000, reserved size: 1073741824
Narrow klass base: 0x0000000800000000, Narrow klass shift: 0, Narrow klass range: 0x100000000

GC Precious Log:
 CardTable entry size: 512
 Card Set container configuration: InlinePtr #cards 5 size 8 Array Of Cards #cards 12 size 40 Howl #buckets 4 coarsen threshold 1843 Howl Bitmap #cards 512 size 80 coarsen threshold 460 Card regions per heap region 1 cards per card region 2048
 CPUs: 4 total, 4 available
 Memory: 8071M
 Large Page Support: Disabled
 NUMA Support: Disabled
 Compressed Oops: Enabled (32-bit)
 Heap Region Size: 1M
 Heap Min Capacity: 8M
 Heap Initial Capacity: 128M
 Heap Max Capacity: 2018M
 Pre-touch: Disabled
 Parallel Workers: 4
 Concurrent Workers: 1
 Concurrent Refinement Workers: 4
 Periodic GC: Disabled

Heap:
 garbage-first heap   total 106496K, used 29429K [0x0000000081e00000, 0x0000000100000000)
  region size 1024K, 2 young (2048K), 1 survivors (1024K)
 Metaspace       used 64034K, committed 65088K, reserved 1114112K
  class space    used 8995K, committed 9408K, reserved 1048576K

Heap Regions: E=young(eden), S=young(survivor), O=old, HS=humongous(starts), HC=humongous(continues), CS=collection set, F=free, OA=open archive, CA=closed archive, TAMS=top-at-mark-start (previous, next)
|   0|0x0000000081e00000, 0x0000000081f00000, 0x0000000081f00000|100%|HS|  |TAMS 0x0000000081f00000, 0x0000000081f00000| Complete 
|   1|0x0000000081f00000, 0x0000000082000000, 0x0000000082000000|100%| O|  |TAMS 0x0000000082000000, 0x0000000082000000| Untracked 
|   2|0x0000000082000000, 0x0000000082100000, 0x0000000082100000|100%| O|  |TAMS 0x0000000082100000, 0x0000000082100000| Untracked 
|   3|0x0000000082100000, 0x0000000082200000, 0x0000000082200000|100%| O|  |TAMS 0x0000000082200000, 0x0000000082200000| Untracked 
|   4|0x0000000082200000, 0x0000000082300000, 0x0000000082300000|100%| O|  |TAMS 0x0000000082300000, 0x0000000082300000| Untracked 
|   5|0x0000000082300000, 0x0000000082400000, 0x0000000082400000|100%| O|  |TAMS 0x0000000082400000, 0x0000000082400000| Untracked 
|   6|0x0000000082400000, 0x0000000082500000, 0x0000000082500000|100%| O|  |TAMS 0x0000000082500000, 0x0000000082500000| Untracked 
|   7|0x0000000082500000, 0x0000000082600000, 0x0000000082600000|100%| O|  |TAMS 0x0000000082600000, 0x0000000082600000| Untracked 
|   8|0x0000000082600000, 0x0000000082700000, 0x0000000082700000|100%| O|  |TAMS 0x0000000082700000, 0x0000000082700000| Untracked 
|   9|0x0000000082700000, 0x0000000082700000, 0x0000000082800000|  0%| F|  |TAMS 0x0000000082700000, 0x0000000082700000| Untracked 
|  10|0x0000000082800000, 0x0000000082900000, 0x0000000082900000|100%| O|  |TAMS 0x0000000082900000, 0x0000000082900000| Untracked 
|  11|0x0000000082900000, 0x00000000829bf600, 0x0000000082a00000| 74%| O|  |TAMS 0x0000000082900000, 0x00000000829bf600| Untracked 
|  12|0x0000000082a00000, 0x0000000082b00000, 0x0000000082b00000|100%| O|  |TAMS 0x0000000082b00000, 0x0000000082b00000| Untracked 
|  13|0x0000000082b00000, 0x0000000082c00000, 0x0000000082c00000|100%| O|  |TAMS 0x0000000082c00000, 0x0000000082c00000| Untracked 
|  14|0x0000000082c00000, 0x0000000082d00000, 0x0000000082d00000|100%| O|  |TAMS 0x0000000082d00000, 0x0000000082d00000| Untracked 
|  15|0x0000000082d00000, 0x0000000082e00000, 0x0000000082e00000|100%| O|  |TAMS 0x0000000082e00000, 0x0000000082e00000| Untracked 
|  16|0x0000000082e00000, 0x0000000082f00000, 0x0000000082f00000|100%| O|  |TAMS 0x0000000082f00000, 0x0000000082f00000| Untracked 
|  17|0x0000000082f00000, 0x0000000083000000, 0x0000000083000000|100%|HS|  |TAMS 0x0000000083000000, 0x0000000083000000| Complete 
|  18|0x0000000083000000, 0x0000000083100000, 0x0000000083100000|100%|HC|  |TAMS 0x0000000083100000, 0x0000000083100000| Complete 
|  19|0x0000000083100000, 0x0000000083200000, 0x0000000083200000|100%| O|  |TAMS 0x0000000083200000, 0x0000000083200000| Untracked 
|  20|0x0000000083200000, 0x0000000083300000, 0x0000000083300000|100%| O|  |TAMS 0x0000000083300000, 0x0000000083300000| Untracked 
|  21|0x0000000083300000, 0x0000000083400000, 0x0000000083400000|100%| O|  |TAMS 0x0000000083400000, 0x0000000083400000| Untracked 
|  22|0x0000000083400000, 0x00000000834f1a00, 0x0000000083500000| 94%| O|  |TAMS 0x00000000834f1a00, 0x00000000834f1a00| Untracked 
|  23|0x0000000083500000, 0x0000000083600000, 0x0000000083600000|100%| O|  |TAMS 0x0000000083600000, 0x0000000083600000| Untracked 
|  24|0x0000000083600000, 0x0000000083700000, 0x0000000083700000|100%| O|  |TAMS 0x0000000083700000, 0x0000000083700000| Untracked 
|  25|0x0000000083700000, 0x0000000083800000, 0x0000000083800000|100%| O|  |TAMS 0x0000000083800000, 0x0000000083800000| Untracked 
|  26|0x0000000083800000, 0x0000000083900000, 0x0000000083900000|100%| O|  |TAMS 0x0000000083900000, 0x0000000083900000| Untracked 
|  27|0x0000000083900000, 0x0000000083a00000, 0x0000000083a00000|100%| O|  |TAMS 0x0000000083a00000, 0x0000000083a00000| Untracked 
|  28|0x0000000083a00000, 0x0000000083b00000, 0x0000000083b00000|100%| O|  |TAMS 0x0000000083b00000, 0x0000000083b00000| Untracked 
|  29|0x0000000083b00000, 0x0000000083b00000, 0x0000000083c00000|  0%| F|  |TAMS 0x0000000083b00000, 0x0000000083b00000| Untracked 
|  30|0x0000000083c00000, 0x0000000083d00000, 0x0000000083d00000|100%| O|  |TAMS 0x0000000083d00000, 0x0000000083d00000| Untracked 
|  31|0x0000000083d00000, 0x0000000083d00000, 0x0000000083e00000|  0%| F|  |TAMS 0x0000000083d00000, 0x0000000083d00000| Untracked 
|  32|0x0000000083e00000, 0x0000000083e00000, 0x0000000083f00000|  0%| F|  |TAMS 0x0000000083e00000, 0x0000000083e00000| Untracked 
|  33|0x0000000083f00000, 0x0000000083f00000, 0x0000000084000000|  0%| F|  |TAMS 0x0000000083f00000, 0x0000000083f00000| Untracked 
|  34|0x0000000084000000, 0x0000000084000000, 0x0000000084100000|  0%| F|  |TAMS 0x0000000084000000, 0x0000000084000000| Untracked 
|  35|0x0000000084100000, 0x0000000084100000, 0x0000000084200000|  0%| F|  |TAMS 0x0000000084100000, 0x0000000084100000| Untracked 
|  36|0x0000000084200000, 0x0000000084200000, 0x0000000084300000|  0%| F|  |TAMS 0x0000000084200000, 0x0000000084200000| Untracked 
|  37|0x0000000084300000, 0x0000000084300000, 0x0000000084400000|  0%| F|  |TAMS 0x0000000084300000, 0x0000000084300000| Untracked 
|  38|0x0000000084400000, 0x0000000084400000, 0x0000000084500000|  0%| F|  |TAMS 0x0000000084400000, 0x0000000084400000| Untracked 
|  39|0x0000000084500000, 0x0000000084500000, 0x0000000084600000|  0%| F|  |TAMS 0x0000000084500000, 0x0000000084500000| Untracked 
|  40|0x0000000084600000, 0x0000000084600000, 0x0000000084700000|  0%| F|  |TAMS 0x0000000084600000, 0x0000000084600000| Untracked 
|  41|0x0000000084700000, 0x0000000084700000, 0x0000000084800000|  0%| F|  |TAMS 0x0000000084700000, 0x0000000084700000| Untracked 
|  42|0x0000000084800000, 0x0000000084800000, 0x0000000084900000|  0%| F|  |TAMS 0x0000000084800000, 0x0000000084800000| Untracked 
|  43|0x0000000084900000, 0x0000000084900000, 0x0000000084a00000|  0%| F|  |TAMS 0x0000000084900000, 0x0000000084900000| Untracked 
|  44|0x0000000084a00000, 0x0000000084a00000, 0x0000000084b00000|  0%| F|  |TAMS 0x0000000084a00000, 0x0000000084a00000| Untracked 
|  45|0x0000000084b00000, 0x0000000084b00000, 0x0000000084c00000|  0%| F|  |TAMS 0x0000000084b00000, 0x0000000084b00000| Untracked 
|  46|0x0000000084c00000, 0x0000000084c00000, 0x0000000084d00000|  0%| F|  |TAMS 0x0000000084c00000, 0x0000000084c00000| Untracked 
|  47|0x0000000084d00000, 0x0000000084d00000, 0x0000000084e00000|  0%| F|  |TAMS 0x0000000084d00000, 0x0000000084d00000| Untracked 
|  48|0x0000000084e00000, 0x0000000084e00000, 0x0000000084f00000|  0%| F|  |TAMS 0x0000000084e00000, 0x0000000084e00000| Untracked 
|  49|0x0000000084f00000, 0x0000000084f00000, 0x0000000085000000|  0%| F|  |TAMS 0x0000000084f00000, 0x0000000084f00000| Untracked 
|  50|0x0000000085000000, 0x0000000085000000, 0x0000000085100000|  0%| F|  |TAMS 0x0000000085000000, 0x0000000085000000| Untracked 
|  51|0x0000000085100000, 0x0000000085100000, 0x0000000085200000|  0%| F|  |TAMS 0x0000000085100000, 0x0000000085100000| Untracked 
|  52|0x0000000085200000, 0x0000000085200000, 0x0000000085300000|  0%| F|  |TAMS 0x0000000085200000, 0x0000000085200000| Untracked 
|  53|0x0000000085300000, 0x0000000085300000, 0x0000000085400000|  0%| F|  |TAMS 0x0000000085300000, 0x0000000085300000| Untracked 
|  54|0x0000000085400000, 0x0000000085400000, 0x0000000085500000|  0%| F|  |TAMS 0x0000000085400000, 0x0000000085400000| Untracked 
|  55|0x0000000085500000, 0x0000000085500000, 0x0000000085600000|  0%| F|  |TAMS 0x0000000085500000, 0x0000000085500000| Untracked 
|  56|0x0000000085600000, 0x0000000085600000, 0x0000000085700000|  0%| F|  |TAMS 0x0000000085600000, 0x0000000085600000| Untracked 
|  57|0x0000000085700000, 0x0000000085700000, 0x0000000085800000|  0%| F|  |TAMS 0x0000000085700000, 0x0000000085700000| Untracked 
|  58|0x0000000085800000, 0x0000000085800000, 0x0000000085900000|  0%| F|  |TAMS 0x0000000085800000, 0x0000000085800000| Untracked 
|  59|0x0000000085900000, 0x0000000085900000, 0x0000000085a00000|  0%| F|  |TAMS 0x0000000085900000, 0x0000000085900000| Untracked 
|  60|0x0000000085a00000, 0x0000000085a00000, 0x0000000085b00000|  0%| F|  |TAMS 0x0000000085a00000, 0x0000000085a00000| Untracked 
|  61|0x0000000085b00000, 0x0000000085b00000, 0x0000000085c00000|  0%| F|  |TAMS 0x0000000085b00000, 0x0000000085b00000| Untracked 
|  62|0x0000000085c00000, 0x0000000085c00000, 0x0000000085d00000|  0%| F|  |TAMS 0x0000000085c00000, 0x0000000085c00000| Untracked 
|  63|0x0000000085d00000, 0x0000000085d00000, 0x0000000085e00000|  0%| F|  |TAMS 0x0000000085d00000, 0x0000000085d00000| Untracked 
|  64|0x0000000085e00000, 0x0000000085e00000, 0x0000000085f00000|  0%| F|  |TAMS 0x0000000085e00000, 0x0000000085e00000| Untracked 
|  65|0x0000000085f00000, 0x0000000085f00000, 0x0000000086000000|  0%| F|  |TAMS 0x0000000085f00000, 0x0000000085f00000| Untracked 
|  66|0x0000000086000000, 0x0000000086000000, 0x0000000086100000|  0%| F|  |TAMS 0x0000000086000000, 0x0000000086000000| Untracked 
|  67|0x0000000086100000, 0x0000000086100000, 0x0000000086200000|  0%| F|  |TAMS 0x0000000086100000, 0x0000000086100000| Untracked 
|  68|0x0000000086200000, 0x0000000086200000, 0x0000000086300000|  0%| F|  |TAMS 0x0000000086200000, 0x0000000086200000| Untracked 
|  69|0x0000000086300000, 0x0000000086300000, 0x0000000086400000|  0%| F|  |TAMS 0x0000000086300000, 0x0000000086300000| Untracked 
|  70|0x0000000086400000, 0x0000000086400000, 0x0000000086500000|  0%| F|  |TAMS 0x0000000086400000, 0x0000000086400000| Untracked 
|  71|0x0000000086500000, 0x0000000086500000, 0x0000000086600000|  0%| F|  |TAMS 0x0000000086500000, 0x0000000086500000| Untracked 
|  72|0x0000000086600000, 0x000000008660c5a0, 0x0000000086700000|  4%| S|CS|TAMS 0x0000000086600000, 0x0000000086600000| Complete 
|  73|0x0000000086700000, 0x0000000086700000, 0x0000000086800000|  0%| F|  |TAMS 0x0000000086700000, 0x0000000086700000| Untracked 
|  74|0x0000000086800000, 0x0000000086800000, 0x0000000086900000|  0%| F|  |TAMS 0x0000000086800000, 0x0000000086800000| Untracked 
|  75|0x0000000086900000, 0x0000000086900000, 0x0000000086a00000|  0%| F|  |TAMS 0x0000000086900000, 0x0000000086900000| Untracked 
|  76|0x0000000086a00000, 0x0000000086a00000, 0x0000000086b00000|  0%| F|  |TAMS 0x0000000086a00000, 0x0000000086a00000| Untracked 
|  77|0x0000000086b00000, 0x0000000086b00000, 0x0000000086c00000|  0%| F|  |TAMS 0x0000000086b00000, 0x0000000086b00000| Untracked 
|  78|0x0000000086c00000, 0x0000000086c00000, 0x0000000086d00000|  0%| F|  |TAMS 0x0000000086c00000, 0x0000000086c00000| Untracked 
|  79|0x0000000086d00000, 0x0000000086d00000, 0x0000000086e00000|  0%| F|  |TAMS 0x0000000086d00000, 0x0000000086d00000| Untracked 
|  80|0x0000000086e00000, 0x0000000086e00000, 0x0000000086f00000|  0%| F|  |TAMS 0x0000000086e00000, 0x0000000086e00000| Untracked 
|  81|0x0000000086f00000, 0x0000000086f00000, 0x0000000087000000|  0%| F|  |TAMS 0x0000000086f00000, 0x0000000086f00000| Untracked 
|  82|0x0000000087000000, 0x0000000087000000, 0x0000000087100000|  0%| F|  |TAMS 0x0000000087000000, 0x0000000087000000| Untracked 
|  83|0x0000000087100000, 0x0000000087100000, 0x0000000087200000|  0%| F|  |TAMS 0x0000000087100000, 0x0000000087100000| Untracked 
|  84|0x0000000087200000, 0x0000000087200000, 0x0000000087300000|  0%| F|  |TAMS 0x0000000087200000, 0x0000000087200000| Untracked 
|  85|0x0000000087300000, 0x0000000087300000, 0x0000000087400000|  0%| F|  |TAMS 0x0000000087300000, 0x0000000087300000| Untracked 
|  86|0x0000000087400000, 0x0000000087400000, 0x0000000087500000|  0%| F|  |TAMS 0x0000000087400000, 0x0000000087400000| Untracked 
|  87|0x0000000087500000, 0x0000000087500000, 0x0000000087600000|  0%| F|  |TAMS 0x0000000087500000, 0x0000000087500000| Untracked 
|  88|0x0000000087600000, 0x0000000087600000, 0x0000000087700000|  0%| F|  |TAMS 0x0000000087600000, 0x0000000087600000| Untracked 
|  89|0x0000000087700000, 0x0000000087700000, 0x0000000087800000|  0%| F|  |TAMS 0x0000000087700000, 0x0000000087700000| Untracked 
|  90|0x0000000087800000, 0x0000000087800000, 0x0000000087900000|  0%| F|  |TAMS 0x0000000087800000, 0x0000000087800000| Untracked 
|  91|0x0000000087900000, 0x0000000087900000, 0x0000000087a00000|  0%| F|  |TAMS 0x0000000087900000, 0x0000000087900000| Untracked 
|  92|0x0000000087a00000, 0x0000000087a00000, 0x0000000087b00000|  0%| F|  |TAMS 0x0000000087a00000, 0x0000000087a00000| Untracked 
|  93|0x0000000087b00000, 0x0000000087b00000, 0x0000000087c00000|  0%| F|  |TAMS 0x0000000087b00000, 0x0000000087b00000| Untracked 
|  94|0x0000000087c00000, 0x0000000087c00000, 0x0000000087d00000|  0%| F|  |TAMS 0x0000000087c00000, 0x0000000087c00000| Untracked 
|  95|0x0000000087d00000, 0x0000000087d00000, 0x0000000087e00000|  0%| F|  |TAMS 0x0000000087d00000, 0x0000000087d00000| Untracked 
|  96|0x0000000087e00000, 0x0000000087e00000, 0x0000000087f00000|  0%| F|  |TAMS 0x0000000087e00000, 0x0000000087e00000| Untracked 
|  97|0x0000000087f00000, 0x0000000087f00000, 0x0000000088000000|  0%| F|  |TAMS 0x0000000087f00000, 0x0000000087f00000| Untracked 
|  98|0x0000000088000000, 0x0000000088000000, 0x0000000088100000|  0%| F|  |TAMS 0x0000000088000000, 0x0000000088000000| Untracked 
|  99|0x0000000088100000, 0x0000000088100000, 0x0000000088200000|  0%| F|  |TAMS 0x0000000088100000, 0x0000000088100000| Untracked 
| 100|0x0000000088200000, 0x0000000088200000, 0x0000000088300000|  0%| F|  |TAMS 0x0000000088200000, 0x0000000088200000| Untracked 
| 102|0x0000000088400000, 0x0000000088400000, 0x0000000088500000|  0%| F|  |TAMS 0x0000000088400000, 0x0000000088400000| Untracked 
| 103|0x0000000088500000, 0x0000000088500000, 0x0000000088600000|  0%| F|  |TAMS 0x0000000088500000, 0x0000000088500000| Untracked 
| 127|0x0000000089d00000, 0x0000000089d7ad08, 0x0000000089e00000| 47%| E|  |TAMS 0x0000000089d00000, 0x0000000089d00000| Complete 

Card table byte_map: [0x00000127f2890000,0x00000127f2c90000] _byte_map_base: 0x00000127f2481000

Marking Bits (Prev, Next): (CMBitMap*) 0x00000127e5f14d20, (CMBitMap*) 0x00000127e5f14d60
 Prev Bits: [0x00000127f3090000, 0x00000127f5018000)
 Next Bits: [0x00000127f5020000, 0x00000127f6fa8000)

Polling page: 0x00000127e5f70000

Metaspace:

Usage:
  Non-class:     53.75 MB used.
      Class:      8.78 MB used.
       Both:     62.53 MB used.

Virtual space:
  Non-class space:       64.00 MB reserved,      54.38 MB ( 85%) committed,  1 nodes.
      Class space:        1.00 GB reserved,       9.19 MB ( <1%) committed,  1 nodes.
             Both:        1.06 GB reserved,      63.56 MB (  6%) committed. 

Chunk freelists:
   Non-Class:  1.55 MB
       Class:  2.83 MB
        Both:  4.38 MB

MaxMetaspaceSize: unlimited
CompressedClassSpaceSize: 1.00 GB
Initial GC threshold: 21.00 MB
Current GC threshold: 105.94 MB
CDS: on
MetaspaceReclaimPolicy: balanced
 - commit_granule_bytes: 65536.
 - commit_granule_words: 8192.
 - virtual_space_node_default_size: 8388608.
 - enlarge_chunks_in_place: 1.
 - new_chunks_are_fully_committed: 0.
 - uncommit_free_chunks: 1.
 - use_allocation_guard: 0.


Internal statistics:

num_allocs_failed_limit: 9.
num_arena_births: 936.
num_arena_deaths: 380.
num_vsnodes_births: 2.
num_vsnodes_deaths: 0.
num_space_committed: 1017.
num_space_uncommitted: 0.
num_chunks_returned_to_freelist: 406.
num_chunks_taken_from_freelist: 3287.
num_chunk_merges: 134.
num_chunk_splits: 2448.
num_chunks_enlarged: 1989.
num_inconsistent_stats: 0.

CodeCache: size=49152Kb used=10779Kb max_used=11785Kb free=38372Kb
 bounds [0x00000127eeff0000, 0x00000127efbb0000, 0x00000127f1ff0000]
 total_blobs=6578 nmethods=5893 adapters=612
 compilation: enabled
              stopped_count=0, restarted_count=0
 full_count=0

Compilation events (20 events):
Event: 35617.382 Thread 0x00000127f95ccf30 6020       1       org.h2.command.ParserBase::readIf (50 bytes)
Event: 35617.382 Thread 0x00000127f95ccf30 nmethod 6020 0x00000127ef9cc310 code [0x00000127ef9cc4e0, 0x00000127ef9cc748]
Event: 35617.397 Thread 0x00000127f95ccf30 6021       1       java.util.concurrent.ScheduledThreadPoolExecutor::triggerTime (22 bytes)
Event: 35617.397 Thread 0x00000127f95ccf30 nmethod 6021 0x00000127ef9cbf90 code [0x00000127ef9cc120, 0x00000127ef9cc248]
Event: 37222.594 Thread 0x00000127f95ccf30 6022       1       org.h2.command.CommandContainer::recompileIfRequired (101 bytes)
Event: 37222.622 Thread 0x00000127f95ccf30 nmethod 6022 0x00000127ef9cb890 code [0x00000127ef9cba60, 0x00000127ef9cbd78]
Event: 37222.622 Thread 0x00000127f95ccf30 6023       1       org.h2.command.Command::start (28 bytes)
Event: 37222.691 Thread 0x00000127f95ccf30 nmethod 6023 0x00000127ef9cb210 code [0x00000127ef9cb3e0, 0x00000127ef9cb6e8]
Event: 37315.389 Thread 0x00000127f95ccf30 6029       1       org.h2.command.ParserBase::addExpected (47 bytes)
Event: 37315.418 Thread 0x00000127f95ccf30 nmethod 6029 0x00000127ef9ca790 code [0x00000127ef9ca9a0, 0x00000127ef9caee8]
Event: 39104.238 Thread 0x00000127f95ccf30 6030       1       org.h2.mvstore.db.MVTable::traceLock (60 bytes)
Event: 39104.597 Thread 0x00000127f95ccf30 nmethod 6030 0x00000127ef9c9690 code [0x00000127ef9c98e0, 0x00000127ef9ca2b8]
Event: 39109.975 Thread 0x00000127f95ccf30 6031       1       org.h2.command.ParserBase::isIdentifier (35 bytes)
Event: 39110.009 Thread 0x00000127f95ccf30 nmethod 6031 0x00000127ef9c9310 code [0x00000127ef9c94a0, 0x00000127ef9c95c8]
Event: 39111.058 Thread 0x00000127f95ccf30 6032       1       java.util.concurrent.CopyOnWriteArrayList::indexOfRange (63 bytes)
Event: 39111.059 Thread 0x00000127f95ccf30 nmethod 6032 0x00000127ef9c8d90 code [0x00000127ef9c8f40, 0x00000127ef9c9148]
Event: 39123.034 Thread 0x00000127f95ccf30 6035       1       java.util.Arrays::binarySearch0 (74 bytes)
Event: 39123.034 Thread 0x00000127f95ccf30 nmethod 6035 0x00000127ef9c8990 code [0x00000127ef9c8b20, 0x00000127ef9c8c78]
Event: 39123.034 Thread 0x00000127f95ccf30 6033       1       java.time.zone.ZoneRules::getOffset (153 bytes)
Event: 39123.204 Thread 0x00000127f95ccf30 nmethod 6033 0x00000127ef9c8190 code [0x00000127ef9c8380, 0x00000127ef9c86a8]

GC Heap History (20 events):
Event: 23512.156 GC heap before
{Heap before GC invocations=28 (full 0):
 garbage-first heap   total 106496K, used 59365K [0x0000000081e00000, 0x0000000100000000)
  region size 1024K, 31 young (31744K), 1 survivors (1024K)
 Metaspace       used 64033K, committed 65088K, reserved 1114112K
  class space    used 8994K, committed 9408K, reserved 1048576K
}
Event: 23514.495 GC heap after
{Heap after GC invocations=29 (full 0):
 garbage-first heap   total 106496K, used 29844K [0x0000000081e00000, 0x0000000100000000)
  region size 1024K, 1 young (1024K), 1 survivors (1024K)
 Metaspace       used 64033K, committed 65088K, reserved 1114112K
  class space    used 8994K, committed 9408K, reserved 1048576K
}
Event: 24201.151 GC heap before
{Heap before GC invocations=30 (full 0):
 garbage-first heap   total 106496K, used 33940K [0x0000000081e00000, 0x0000000100000000)
  region size 1024K, 5 young (5120K), 1 survivors (1024K)
 Metaspace       used 64033K, committed 65088K, reserved 1114112K
  class space    used 8994K, committed 9408K, reserved 1048576K
}
Event: 24201.355 GC heap after
{Heap after GC invocations=31 (full 0):
 garbage-first heap   total 106496K, used 29692K [0x0000000081e00000, 0x0000000100000000)
  region size 1024K, 1 young (1024K), 1 survivors (1024K)
 Metaspace       used 64033K, committed 65088K, reserved 1114112K
  class space    used 8994K, committed 9408K, reserved 1048576K
}
Event: 24910.510 GC heap before
{Heap before GC invocations=31 (full 0):
 garbage-first heap   total 106496K, used 33788K [0x0000000081e00000, 0x0000000100000000)
  region size 1024K, 5 young (5120K), 1 survivors (1024K)
 Metaspace       used 64033K, committed 65088K, reserved 1114112K
  class space    used 8994K, committed 9408K, reserved 1048576K
}
Event: 24911.343 GC heap after
{Heap after GC invocations=32 (full 0):
 garbage-first heap   total 106496K, used 29424K [0x0000000081e00000, 0x0000000100000000)
  region size 1024K, 1 young (1024K), 1 survivors (1024K)
 Metaspace       used 64033K, committed 65088K, reserved 1114112K
  class space    used 8994K, committed 9408K, reserved 1048576K
}
Event: 25645.669 GC heap before
{Heap before GC invocations=32 (full 0):
 garbage-first heap   total 106496K, used 33520K [0x0000000081e00000, 0x0000000100000000)
  region size 1024K, 5 young (5120K), 1 survivors (1024K)
 Metaspace       used 64033K, committed 65088K, reserved 1114112K
  class space    used 8994K, committed 9408K, reserved 1048576K
}
Event: 25645.902 GC heap after
{Heap after GC invocations=33 (full 0):
 garbage-first heap   total 106496K, used 29421K [0x0000000081e00000, 0x0000000100000000)
  region size 1024K, 1 young (1024K), 1 survivors (1024K)
 Metaspace       used 64033K, committed 65088K, reserved 1114112K
  class space    used 8994K, committed 9408K, reserved 1048576K
}
Event: 26390.668 GC heap before
{Heap before GC invocations=34 (full 0):
 garbage-first heap   total 106496K, used 33517K [0x0000000081e00000, 0x0000000100000000)
  region size 1024K, 5 young (5120K), 1 survivors (1024K)
 Metaspace       used 64033K, committed 65088K, reserved 1114112K
  class space    used 8994K, committed 9408K, reserved 1048576K
}
Event: 26390.759 GC heap after
{Heap after GC invocations=35 (full 0):
 garbage-first heap   total 106496K, used 29419K [0x0000000081e00000, 0x0000000100000000)
  region size 1024K, 1 young (1024K), 1 survivors (1024K)
 Metaspace       used 64033K, committed 65088K, reserved 1114112K
  class space    used 8994K, committed 9408K, reserved 1048576K
}
Event: 27086.939 GC heap before
{Heap before GC invocations=35 (full 0):
 garbage-first heap   total 106496K, used 33515K [0x0000000081e00000, 0x0000000100000000)
  region size 1024K, 5 young (5120K), 1 survivors (1024K)
 Metaspace       used 64033K, committed 65088K, reserved 1114112K
  class space    used 8994K, committed 9408K, reserved 1048576K
}
Event: 27087.013 GC heap after
{Heap after GC invocations=36 (full 0):
 garbage-first heap   total 106496K, used 29425K [0x0000000081e00000, 0x0000000100000000)
  region size 1024K, 1 young (1024K), 1 survivors (1024K)
 Metaspace       used 64033K, committed 65088K, reserved 1114112K
  class space    used 8994K, committed 9408K, reserved 1048576K
}
Event: 28518.168 GC heap before
{Heap before GC invocations=36 (full 0):
 garbage-first heap   total 106496K, used 37617K [0x0000000081e00000, 0x0000000100000000)
  region size 1024K, 9 young (9216K), 1 survivors (1024K)
 Metaspace       used 64033K, committed 65088K, reserved 1114112K
  class space    used 8994K, committed 9408K, reserved 1048576K
}
Event: 28518.186 GC heap after
{Heap after GC invocations=37 (full 0):
 garbage-first heap   total 106496K, used 29428K [0x0000000081e00000, 0x0000000100000000)
  region size 1024K, 1 young (1024K), 1 survivors (1024K)
 Metaspace       used 64033K, committed 65088K, reserved 1114112K
  class space    used 8994K, committed 9408K, reserved 1048576K
}
Event: 33395.463 GC heap before
{Heap before GC invocations=38 (full 0):
 garbage-first heap   total 106496K, used 58100K [0x0000000081e00000, 0x0000000100000000)
  region size 1024K, 29 young (29696K), 1 survivors (1024K)
 Metaspace       used 64033K, committed 65088K, reserved 1114112K
  class space    used 8994K, committed 9408K, reserved 1048576K
}
Event: 33395.632 GC heap after
{Heap after GC invocations=39 (full 0):
 garbage-first heap   total 106496K, used 29426K [0x0000000081e00000, 0x0000000100000000)
  region size 1024K, 1 young (1024K), 1 survivors (1024K)
 Metaspace       used 64033K, committed 65088K, reserved 1114112K
  class space    used 8994K, committed 9408K, reserved 1048576K
}
Event: 34073.152 GC heap before
{Heap before GC invocations=39 (full 0):
 garbage-first heap   total 106496K, used 33522K [0x0000000081e00000, 0x0000000100000000)
  region size 1024K, 5 young (5120K), 1 survivors (1024K)
 Metaspace       used 64033K, committed 65088K, reserved 1114112K
  class space    used 8994K, committed 9408K, reserved 1048576K
}
Event: 34073.229 GC heap after
{Heap after GC invocations=40 (full 0):
 garbage-first heap   total 106496K, used 29428K [0x0000000081e00000, 0x0000000100000000)
  region size 1024K, 1 young (1024K), 1 survivors (1024K)
 Metaspace       used 64033K, committed 65088K, reserved 1114112K
  class space    used 8994K, committed 9408K, reserved 1048576K
}
Event: 39146.150 GC heap before
{Heap before GC invocations=40 (full 0):
 garbage-first heap   total 106496K, used 60148K [0x0000000081e00000, 0x0000000100000000)
  region size 1024K, 31 young (31744K), 1 survivors (1024K)
 Metaspace       used 64034K, committed 65088K, reserved 1114112K
  class space    used 8995K, committed 9408K, reserved 1048576K
}
Event: 39146.152 GC heap after
{Heap after GC invocations=41 (full 0):
 garbage-first heap   total 106496K, used 29429K [0x0000000081e00000, 0x0000000100000000)
  region size 1024K, 1 young (1024K), 1 survivors (1024K)
 Metaspace       used 64034K, committed 65088K, reserved 1114112K
  class space    used 8995K, committed 9408K, reserved 1048576K
}

Deoptimization events (20 events):
Event: 2.236 Thread 0x00000127e5eac5c0 DEOPT PACKING pc=0x00000127ef4ce9d5 sp=0x00000017174fd750
Event: 2.236 Thread 0x00000127e5eac5c0 DEOPT UNPACKING pc=0x00000127ef042b43 sp=0x00000017174fcbf8 mode 3
Event: 6.725 Thread 0x00000127e5eac5c0 DEOPT PACKING pc=0x00000127ef477801 sp=0x00000017174fc680
Event: 6.725 Thread 0x00000127e5eac5c0 DEOPT UNPACKING pc=0x00000127ef042b43 sp=0x00000017174fbb10 mode 3
Event: 6.725 Thread 0x00000127fddf3510 DEOPT PACKING pc=0x00000127ef466897 sp=0x00000017191fed20
Event: 6.725 Thread 0x00000127fddf3510 DEOPT UNPACKING pc=0x00000127ef042b43 sp=0x00000017191fe178 mode 3
Event: 6.793 Thread 0x00000127e5eac5c0 DEOPT PACKING pc=0x00000127ef74f09d sp=0x00000017174fc8f0
Event: 6.793 Thread 0x00000127e5eac5c0 DEOPT UNPACKING pc=0x00000127ef042b43 sp=0x00000017174fbe58 mode 3
Event: 10.218 Thread 0x00000127e5eac5c0 DEOPT PACKING pc=0x00000127ef4f6522 sp=0x00000017174fcc20
Event: 10.218 Thread 0x00000127e5eac5c0 DEOPT UNPACKING pc=0x00000127ef042b43 sp=0x00000017174fc128 mode 3
Event: 10.219 Thread 0x00000127e5eac5c0 DEOPT PACKING pc=0x00000127ef504865 sp=0x00000017174fcb70
Event: 10.219 Thread 0x00000127e5eac5c0 DEOPT UNPACKING pc=0x00000127ef042b43 sp=0x00000017174fc128 mode 3
Event: 10.350 Thread 0x00000127e5eac5c0 DEOPT PACKING pc=0x00000127ef79b1ac sp=0x00000017174fd060
Event: 10.350 Thread 0x00000127e5eac5c0 DEOPT UNPACKING pc=0x00000127ef042b43 sp=0x00000017174fc5b8 mode 0
Event: 188.190 Thread 0x00000127fdee92f0 DEOPT PACKING pc=0x00000127ef30a3fe sp=0x0000001719afd2a0
Event: 188.190 Thread 0x00000127fdee92f0 DEOPT UNPACKING pc=0x00000127ef042b43 sp=0x0000001719afc7a8 mode 3
Event: 20248.910 Thread 0x00000127803dfcc0 DEOPT PACKING pc=0x00000127ef963763 sp=0x000000171a1fcf20
Event: 20248.910 Thread 0x00000127fdee8e20 DEOPT PACKING pc=0x00000127ef963763 sp=0x00000017198fc9e0
Event: 20249.129 Thread 0x00000127803dfcc0 DEOPT UNPACKING pc=0x00000127ef042b43 sp=0x000000171a1fc420 mode 3
Event: 20249.207 Thread 0x00000127fdee8e20 DEOPT UNPACKING pc=0x00000127ef042b43 sp=0x00000017198fbee0 mode 3

Classes loaded (20 events):
Event: 306.441 Loading class jdk/internal/icu/impl/Trie2$1
Event: 306.441 Loading class jdk/internal/icu/impl/Trie2$ValueMapper
Event: 306.441 Loading class jdk/internal/icu/impl/Trie2$ValueMapper done
Event: 306.441 Loading class jdk/internal/icu/impl/Trie2$1 done
Event: 306.441 Loading class jdk/internal/icu/impl/Trie2$UTrie2Header
Event: 306.441 Loading class jdk/internal/icu/impl/Trie2$UTrie2Header done
Event: 306.855 Loading class java/util/PriorityQueue
Event: 306.856 Loading class java/util/PriorityQueue done
Event: 306.857 Loading class java/util/PriorityQueue$Itr
Event: 306.857 Loading class java/util/PriorityQueue$Itr done
Event: 306.869 Loading class jdk/internal/math/FormattedFloatingDecimal$Form
Event: 306.869 Loading class jdk/internal/math/FormattedFloatingDecimal$Form done
Event: 306.869 Loading class jdk/internal/math/FormattedFloatingDecimal
Event: 306.870 Loading class jdk/internal/math/FormattedFloatingDecimal done
Event: 306.870 Loading class jdk/internal/math/FormattedFloatingDecimal$1
Event: 306.870 Loading class jdk/internal/math/FormattedFloatingDecimal$1 done
Event: 306.870 Loading class jdk/internal/math/FormattedFloatingDecimal$2
Event: 306.870 Loading class jdk/internal/math/FormattedFloatingDecimal$2 done
Event: 20251.582 Loading class java/util/concurrent/atomic/Striped64$Cell
Event: 20251.922 Loading class java/util/concurrent/atomic/Striped64$Cell done

Classes unloaded (20 events):
Event: 9799.309 Thread 0x00000127f957ec70 Unloading class 0x0000000800cbd800 'java/lang/invoke/LambdaForm$MH+0x0000000800cbd800'
Event: 9799.318 Thread 0x00000127f957ec70 Unloading class 0x0000000800c82800 'java/lang/invoke/LambdaForm$MH+0x0000000800c82800'
Event: 9799.318 Thread 0x00000127f957ec70 Unloading class 0x0000000800c82400 'java/lang/invoke/LambdaForm$MH+0x0000000800c82400'
Event: 9799.318 Thread 0x00000127f957ec70 Unloading class 0x0000000800c82000 'java/lang/invoke/LambdaForm$MH+0x0000000800c82000'
Event: 9799.318 Thread 0x00000127f957ec70 Unloading class 0x0000000800c81c00 'java/lang/invoke/LambdaForm$MH+0x0000000800c81c00'
Event: 9799.318 Thread 0x00000127f957ec70 Unloading class 0x0000000800c81800 'java/lang/invoke/LambdaForm$MH+0x0000000800c81800'
Event: 9799.318 Thread 0x00000127f957ec70 Unloading class 0x0000000800c81400 'java/lang/invoke/LambdaForm$MH+0x0000000800c81400'
Event: 9799.328 Thread 0x00000127f957ec70 Unloading class 0x0000000800c18800 'java/lang/invoke/LambdaForm$MH+0x0000000800c18800'
Event: 9799.328 Thread 0x00000127f957ec70 Unloading class 0x0000000800c18400 'java/lang/invoke/LambdaForm$MH+0x0000000800c18400'
Event: 9799.328 Thread 0x00000127f957ec70 Unloading class 0x0000000800c17c00 'java/lang/invoke/LambdaForm$MH+0x0000000800c17c00'
Event: 9799.328 Thread 0x00000127f957ec70 Unloading class 0x0000000800c17800 'java/lang/invoke/LambdaForm$MH+0x0000000800c17800'
Event: 9799.328 Thread 0x00000127f957ec70 Unloading class 0x0000000800c16800 'java/lang/invoke/LambdaForm$MH+0x0000000800c16800'
Event: 9799.328 Thread 0x00000127f957ec70 Unloading class 0x0000000800c16000 'java/lang/invoke/LambdaForm$MH+0x0000000800c16000'
Event: 9799.328 Thread 0x00000127f957ec70 Unloading class 0x0000000800c15c00 'java/lang/invoke/LambdaForm$MH+0x0000000800c15c00'
Event: 9799.328 Thread 0x00000127f957ec70 Unloading class 0x0000000800c15800 'java/lang/invoke/LambdaForm$MH+0x0000000800c15800'
Event: 9799.328 Thread 0x00000127f957ec70 Unloading class 0x0000000800c15400 'java/lang/invoke/LambdaForm$MH+0x0000000800c15400'
Event: 9799.328 Thread 0x00000127f957ec70 Unloading class 0x0000000800c15000 'java/lang/invoke/LambdaForm$MH+0x0000000800c15000'
Event: 9799.339 Thread 0x00000127f957ec70 Unloading class 0x0000000800c14800 'java/lang/invoke/LambdaForm$MH+0x0000000800c14800'
Event: 9799.350 Thread 0x00000127f957ec70 Unloading class 0x0000000800c14000 'java/lang/invoke/LambdaForm$MH+0x0000000800c14000'
Event: 9799.350 Thread 0x00000127f957ec70 Unloading class 0x0000000800c08c00 'java/lang/invoke/LambdaForm$MH+0x0000000800c08c00'

Classes redefined (0 events):
No events

Internal exceptions (20 events):
Event: 10.196 Thread 0x00000127e5eac5c0 Exception <a 'java/lang/IncompatibleClassChangeError'{0x0000000085307848}: Found class java.lang.Object, but interface was expected> (0x0000000085307848) 
thrown [s\open\src\hotspot\share\interpreter\linkResolver.cpp, line 826]
Event: 10.233 Thread 0x00000127e5eac5c0 Exception <a 'java/lang/IncompatibleClassChangeError'{0x00000000852a3128}: Found class java.lang.Object, but interface was expected> (0x00000000852a3128) 
thrown [s\open\src\hotspot\share\interpreter\linkResolver.cpp, line 826]
Event: 10.389 Thread 0x00000127e5eac5c0 Exception <a 'java/lang/IncompatibleClassChangeError'{0x000000008848cfb0}: Found class java.lang.Object, but interface was expected> (0x000000008848cfb0) 
thrown [s\open\src\hotspot\share\interpreter\linkResolver.cpp, line 826]
Event: 10.609 Thread 0x00000127e5eac5c0 Exception <a 'java/lang/NoSuchMethodError'{0x0000000087ec0538}: 'java.lang.Object java.lang.invoke.DirectMethodHandle$Holder.invokeInterface(java.lang.Object, java.lang.Object, java.lang.Object, java.lang.Object)'> (0x0000000087ec0538) 
thrown [s\open\src\hotspot\share\interpreter\linkResolver.cpp, line 759]
Event: 10.648 Thread 0x00000127e5eac5c0 Exception <a 'java/lang/NoSuchMethodError'{0x0000000087dfe528}: 'java.lang.Object java.lang.invoke.DirectMethodHandle$Holder.newInvokeSpecial(java.lang.Object, java.lang.Object, java.lang.Object, java.lang.Object, java.lang.Object, java.lang.Object, java.lang.Object, java.lang.Object)'> (0x0000000087dfe528) 
thrown [s\open\src\hotspot\share\interpreter\linkResolver.cpp, line 759]
Event: 11.029 Thread 0x00000127e5eac5c0 Exception <a 'sun/nio/fs/WindowsException'{0x00000000875849d0}> (0x00000000875849d0) 
thrown [s\open\src\hotspot\share\prims\jni.cpp, line 516]
Event: 11.168 Thread 0x00000127e5eac5c0 Exception <a 'java/lang/IncompatibleClassChangeError'{0x000000008840b710}: Found class java.lang.Object, but interface was expected> (0x000000008840b710) 
thrown [s\open\src\hotspot\share\interpreter\linkResolver.cpp, line 826]
Event: 11.374 Thread 0x00000127e5eac5c0 Exception <a 'java/lang/NoSuchMethodError'{0x00000000882f16a8}: 'void java.lang.invoke.DirectMethodHandle$Holder.invokeVirtual(java.lang.Object, java.lang.Object, long)'> (0x00000000882f16a8) 
thrown [s\open\src\hotspot\share\interpreter\linkResolver.cpp, line 759]
Event: 11.539 Thread 0x00000127e5eac5c0 Exception <a 'java/lang/NoSuchMethodError'{0x0000000087e84af0}: 'int java.lang.invoke.DirectMethodHandle$Holder.invokeStaticInit(java.lang.Object, java.lang.Object, java.lang.Object, java.lang.Object)'> (0x0000000087e84af0) 
thrown [s\open\src\hotspot\share\interpreter\linkResolver.cpp, line 759]
Event: 11.562 Thread 0x00000127e5eac5c0 Exception <a 'java/lang/IncompatibleClassChangeError'{0x0000000087d744d0}: Found class java.lang.Object, but interface was expected> (0x0000000087d744d0) 
thrown [s\open\src\hotspot\share\interpreter\linkResolver.cpp, line 826]
Event: 11.920 Thread 0x00000127e5eac5c0 Exception <a 'java/io/FileNotFoundException'{0x00000000879347b0}> (0x00000000879347b0) 
thrown [s\open\src\hotspot\share\prims\jni.cpp, line 516]
Event: 11.922 Thread 0x00000127e5eac5c0 Exception <a 'java/io/FileNotFoundException'{0x000000008793e970}> (0x000000008793e970) 
thrown [s\open\src\hotspot\share\prims\jni.cpp, line 516]
Event: 11.981 Thread 0x00000127e5eac5c0 Exception <a 'java/lang/NoSuchMethodError'{0x0000000087732a08}: 'java.lang.Object java.lang.invoke.DirectMethodHandle$Holder.newInvokeSpecial(java.lang.Object, java.lang.Object, int, java.lang.Object, java.lang.Object)'> (0x0000000087732a08) 
thrown [s\open\src\hotspot\share\interpreter\linkResolver.cpp, line 759]
Event: 183.749 Thread 0x00000127fdee8e20 Exception <a 'java/lang/NoSuchMethodError'{0x0000000086b30fa0}: 'java.lang.Object java.lang.invoke.DirectMethodHandle$Holder.invokeSpecial(java.lang.Object, java.lang.Object, java.lang.Object, java.lang.Object, java.lang.Object, long)'> (0x0000000086b30fa0) 
thrown [s\open\src\hotspot\share\interpreter\linkResolver.cpp, line 759]
Event: 183.749 Thread 0x00000127fdee8e20 Exception <a 'java/lang/NoSuchMethodError'{0x0000000086b349e8}: 'java.lang.Object java.lang.invoke.Invokers$Holder.linkToTargetMethod(java.lang.Object, java.lang.Object, java.lang.Object, long, java.lang.Object)'> (0x0000000086b349e8) 
thrown [s\open\src\hotspot\share\interpreter\linkResolver.cpp, line 759]
Event: 306.463 Thread 0x00000127803de980 Exception <a 'java/lang/NoSuchMethodError'{0x000000008632f2a8}: 'java.lang.Object java.lang.invoke.DirectMethodHandle$Holder.invokeStatic(java.lang.Object, long, java.lang.Object, java.lang.Object)'> (0x000000008632f2a8) 
thrown [s\open\src\hotspot\share\interpreter\linkResolver.cpp, line 759]
Event: 306.464 Thread 0x00000127803de980 Exception <a 'java/lang/NoSuchMethodError'{0x0000000086335af0}: 'java.lang.Object java.lang.invoke.DirectMethodHandle$Holder.newInvokeSpecial(java.lang.Object, long)'> (0x0000000086335af0) 
thrown [s\open\src\hotspot\share\interpreter\linkResolver.cpp, line 759]
Event: 306.714 Thread 0x00000127803de980 Exception <a 'java/lang/NoSuchMethodError'{0x0000000086125688}: 'int java.lang.invoke.DirectMethodHandle$Holder.invokeStatic(java.lang.Object, java.lang.Object, int, int)'> (0x0000000086125688) 
thrown [s\open\src\hotspot\share\interpreter\linkResolver.cpp, line 759]
Event: 306.854 Thread 0x00000127fddf3050 Exception <a 'java/lang/NoSuchMethodError'{0x00000000860b10b0}: 'java.lang.Object java.lang.invoke.DirectMethodHandle$Holder.newInvokeSpecial(java.lang.Object, java.lang.Object, int, int, int)'> (0x00000000860b10b0) 
thrown [s\open\src\hotspot\share\interpreter\linkResolver.cpp, line 759]
Event: 20252.024 Thread 0x00000127803dfcc0 Exception <a 'java/io/IOException'{0x0000000087aa60c0}> (0x0000000087aa60c0) 
thrown [s\open\src\hotspot\share\prims\jni.cpp, line 516]

VM Operations (20 events):
Event: 28518.235 Executing VM operation: G1Concurrent
Event: 28518.238 Executing VM operation: G1Concurrent done
Event: 28518.284 Executing VM operation: G1Concurrent
Event: 28518.284 Executing VM operation: G1Concurrent done
Event: 32005.793 Executing VM operation: Cleanup
Event: 32005.793 Executing VM operation: Cleanup done
Event: 32062.249 Executing VM operation: Cleanup
Event: 32062.249 Executing VM operation: Cleanup done
Event: 33395.463 Executing VM operation: G1CollectForAllocation
Event: 33395.632 Executing VM operation: G1CollectForAllocation done
Event: 34073.152 Executing VM operation: G1CollectForAllocation
Event: 34073.229 Executing VM operation: G1CollectForAllocation done
Event: 35424.572 Executing VM operation: Cleanup
Event: 35424.572 Executing VM operation: Cleanup done
Event: 35526.434 Executing VM operation: Cleanup
Event: 35526.434 Executing VM operation: Cleanup done
Event: 37307.354 Executing VM operation: Cleanup
Event: 37307.354 Executing VM operation: Cleanup done
Event: 39146.150 Executing VM operation: G1CollectForAllocation
Event: 39146.152 Executing VM operation: G1CollectForAllocation done

Events (20 events):
Event: 38998.434 Thread 0x00000127803df320 Thread added: 0x00000127803df320
Event: 38998.435 Thread 0x00000127803df7f0 Thread added: 0x00000127803df7f0
Event: 39003.435 Thread 0x00000127803df320 Thread exited: 0x00000127803df320
Event: 39003.483 Thread 0x00000127803df7f0 Thread exited: 0x00000127803df7f0
Event: 39062.619 Thread 0x00000127803de4b0 Thread added: 0x00000127803de4b0
Event: 39062.620 Thread 0x00000127803db960 Thread added: 0x00000127803db960
Event: 39067.627 Thread 0x00000127803de4b0 Thread exited: 0x00000127803de4b0
Event: 39067.668 Thread 0x00000127803db960 Thread exited: 0x00000127803db960
Event: 39101.892 Thread 0x00000127803df320 Thread added: 0x00000127803df320
Event: 39101.892 Thread 0x00000127803dbe30 Thread added: 0x00000127803dbe30
Event: 39109.207 Thread 0x00000127803df320 Thread exited: 0x00000127803df320
Event: 39109.232 Thread 0x00000127803dbe30 Thread exited: 0x00000127803dbe30
Event: 39109.418 Thread 0x00000127803dd170 Thread added: 0x00000127803dd170
Event: 39109.419 Thread 0x00000127803d9c80 Thread added: 0x00000127803d9c80
Event: 39116.073 Thread 0x00000127803dd170 Thread exited: 0x00000127803dd170
Event: 39116.104 Thread 0x00000127803d9c80 Thread exited: 0x00000127803d9c80
Event: 39123.033 Thread 0x00000127803d92e0 Thread added: 0x00000127803d92e0
Event: 39123.033 Thread 0x00000127803d97b0 Thread added: 0x00000127803d97b0
Event: 39128.033 Thread 0x00000127803d92e0 Thread exited: 0x00000127803d92e0
Event: 39128.080 Thread 0x00000127803d97b0 Thread exited: 0x00000127803d97b0


Dynamic libraries:
0x00007ff6d8040000 - 0x00007ff6d8050000 	C:\Program Files\Java\jdk-18.0.2.1\bin\java.exe
0x00007ffa4a950000 - 0x00007ffa4ab48000 	C:\Windows\SYSTEM32\ntdll.dll
0x00007ffa49fc0000 - 0x00007ffa4a082000 	C:\Windows\System32\KERNEL32.DLL
0x00007ffa48170000 - 0x00007ffa48466000 	C:\Windows\System32\KERNELBASE.dll
0x00007ffa47fe0000 - 0x00007ffa480e0000 	C:\Windows\System32\ucrtbase.dll
0x00007ffa2bc10000 - 0x00007ffa2bc2a000 	C:\Program Files\Java\jdk-18.0.2.1\bin\VCRUNTIME140.dll
0x00007ffa26fa0000 - 0x00007ffa26fb8000 	C:\Program Files\Java\jdk-18.0.2.1\bin\jli.dll
0x00007ffa4a280000 - 0x00007ffa4a331000 	C:\Windows\System32\ADVAPI32.dll
0x00007ffa48970000 - 0x00007ffa48a0e000 	C:\Windows\System32\msvcrt.dll
0x00007ffa4a750000 - 0x00007ffa4a7ef000 	C:\Windows\System32\sechost.dll
0x00007ffa4a160000 - 0x00007ffa4a280000 	C:\Windows\System32\RPCRT4.dll
0x00007ffa48740000 - 0x00007ffa48767000 	C:\Windows\System32\bcrypt.dll
0x00007ffa4a4d0000 - 0x00007ffa4a671000 	C:\Windows\System32\USER32.dll
0x00007ffa48770000 - 0x00007ffa48792000 	C:\Windows\System32\win32u.dll
0x00007ffa48a60000 - 0x00007ffa48a8b000 	C:\Windows\System32\GDI32.dll
0x00007ffa487a0000 - 0x00007ffa488b9000 	C:\Windows\System32\gdi32full.dll
0x00007ffa46fd0000 - 0x00007ffa4726b000 	C:\Windows\WinSxS\amd64_microsoft.windows.common-controls_6595b64144ccf1df_6.0.19041.6456_none_60b8a6cb71f64256\COMCTL32.dll
0x00007ffa485d0000 - 0x00007ffa4866d000 	C:\Windows\System32\msvcp_win.dll
0x00007ffa3f210000 - 0x00007ffa3f21a000 	C:\Windows\SYSTEM32\VERSION.dll
0x00007ffa48a20000 - 0x00007ffa48a4f000 	C:\Windows\System32\IMM32.DLL
0x00007ffa34520000 - 0x00007ffa3452c000 	C:\Program Files\Java\jdk-18.0.2.1\bin\vcruntime140_1.dll
0x00007ffa1d760000 - 0x00007ffa1d7ed000 	C:\Program Files\Java\jdk-18.0.2.1\bin\msvcp140.dll
0x00007ff9a53e0000 - 0x00007ff9a5ff1000 	C:\Program Files\Java\jdk-18.0.2.1\bin\server\jvm.dll
0x00007ffa48a10000 - 0x00007ffa48a18000 	C:\Windows\System32\PSAPI.DLL
0x00007ffa2d3f0000 - 0x00007ffa2d417000 	C:\Windows\SYSTEM32\WINMM.dll
0x00007ffa44aa0000 - 0x00007ffa44aa9000 	C:\Windows\SYSTEM32\WSOCK32.dll
0x00007ffa491c0000 - 0x00007ffa4922b000 	C:\Windows\System32\WS2_32.dll
0x00007ffa45840000 - 0x00007ffa45852000 	C:\Windows\SYSTEM32\kernel.appcore.dll
0x00007ffa31760000 - 0x00007ffa3176a000 	C:\Program Files\Java\jdk-18.0.2.1\bin\jimage.dll
0x00007ffa479c0000 - 0x00007ffa47bc1000 	C:\Windows\SYSTEM32\DBGHELP.DLL
0x00007ffa473f0000 - 0x00007ffa47424000 	C:\Windows\SYSTEM32\dbgcore.DLL
0x00007ffa480e0000 - 0x00007ffa48162000 	C:\Windows\System32\bcryptPrimitives.dll
0x00007ffa1d5a0000 - 0x00007ffa1d5c5000 	C:\Program Files\Java\jdk-18.0.2.1\bin\java.dll
0x00007ff9ff2a0000 - 0x00007ff9ff376000 	C:\Program Files\Java\jdk-18.0.2.1\bin\jsvml.dll
0x00007ffa493e0000 - 0x00007ffa49b50000 	C:\Windows\System32\SHELL32.dll
0x00007ffa459b0000 - 0x00007ffa46155000 	C:\Windows\SYSTEM32\windows.storage.dll
0x00007ffa48a90000 - 0x00007ffa48de4000 	C:\Windows\System32\combase.dll
0x00007ffa47660000 - 0x00007ffa4768b000 	C:\Windows\SYSTEM32\Wldp.dll
0x00007ffa4a090000 - 0x00007ffa4a15d000 	C:\Windows\System32\OLEAUT32.dll
0x00007ffa48ed0000 - 0x00007ffa48f7d000 	C:\Windows\System32\SHCORE.dll
0x00007ffa48df0000 - 0x00007ffa48e4b000 	C:\Windows\System32\shlwapi.dll
0x00007ffa47f10000 - 0x00007ffa47f34000 	C:\Windows\SYSTEM32\profapi.dll
0x00007ffa1e1b0000 - 0x00007ffa1e1c3000 	C:\Program Files\Java\jdk-18.0.2.1\bin\net.dll
0x00007ffa3e5c0000 - 0x00007ffa3e6ca000 	C:\Windows\SYSTEM32\WINHTTP.dll
0x00007ffa47300000 - 0x00007ffa4736a000 	C:\Windows\system32\mswsock.dll
0x00007ffa1d740000 - 0x00007ffa1d756000 	C:\Program Files\Java\jdk-18.0.2.1\bin\nio.dll
0x00007ffa1d580000 - 0x00007ffa1d598000 	C:\Program Files\Java\jdk-18.0.2.1\bin\zip.dll
0x00007ffa30c90000 - 0x00007ffa30c9e000 	C:\Program Files\Java\jdk-18.0.2.1\bin\sunmscapi.dll
0x00007ffa48470000 - 0x00007ffa485cd000 	C:\Windows\System32\CRYPT32.dll
0x00007ffa476d0000 - 0x00007ffa476f7000 	C:\Windows\SYSTEM32\ncrypt.dll
0x00007ffa47690000 - 0x00007ffa476cb000 	C:\Windows\SYSTEM32\NTASN1.dll
0x00007ffa47d50000 - 0x00007ffa47d68000 	C:\Windows\SYSTEM32\CRYPTSP.dll
0x00007ffa469c0000 - 0x00007ffa469f8000 	C:\Windows\system32\rsaenh.dll
0x00007ffa47e90000 - 0x00007ffa47ebe000 	C:\Windows\SYSTEM32\USERENV.dll
0x00007ffa47550000 - 0x00007ffa4755c000 	C:\Windows\SYSTEM32\CRYPTBASE.dll
0x00007ffa46d40000 - 0x00007ffa46d7b000 	C:\Windows\SYSTEM32\IPHLPAPI.DLL
0x00007ffa49150000 - 0x00007ffa49158000 	C:\Windows\System32\NSI.dll
0x00007ffa34380000 - 0x00007ffa34397000 	C:\Windows\SYSTEM32\dhcpcsvc6.DLL
0x00007ffa3b1f0000 - 0x00007ffa3b20d000 	C:\Windows\SYSTEM32\dhcpcsvc.DLL
0x00007ffa46d80000 - 0x00007ffa46e4a000 	C:\Windows\SYSTEM32\DNSAPI.dll
0x00007ffa30100000 - 0x00007ffa30109000 	C:\Program Files\Java\jdk-18.0.2.1\bin\management.dll
0x00007ffa2fde0000 - 0x00007ffa2fdeb000 	C:\Program Files\Java\jdk-18.0.2.1\bin\management_ext.dll
0x00007ffa2d9d0000 - 0x00007ffa2d9e7000 	C:\Windows\system32\napinsp.dll
0x00007ffa2b9d0000 - 0x00007ffa2b9eb000 	C:\Windows\system32\pnrpnsp.dll
0x00007ffa44100000 - 0x00007ffa4411d000 	C:\Windows\system32\wshbth.dll
0x00007ffa41a10000 - 0x00007ffa41a2d000 	C:\Windows\system32\NLAapi.dll
0x00007ffa24640000 - 0x00007ffa24652000 	C:\Windows\System32\winrnr.dll
0x00007ffa2ced0000 - 0x00007ffa2ceda000 	C:\Windows\System32\rasadhlp.dll
0x00007ffa2cf80000 - 0x00007ffa2d000000 	C:\Windows\System32\fwpuclnt.dll
0x00007ffa31590000 - 0x00007ffa315a0000 	C:\Program Files\Java\jdk-18.0.2.1\bin\verify.dll

dbghelp: loaded successfully - version: 4.0.5 - missing functions: none
symbol engine: initialized successfully - sym options: 0x614 - pdb path: .;C:\Program Files\Java\jdk-18.0.2.1\bin;C:\Windows\SYSTEM32;C:\Windows\WinSxS\amd64_microsoft.windows.common-controls_6595b64144ccf1df_6.0.19041.6456_none_60b8a6cb71f64256;C:\Program Files\Java\jdk-18.0.2.1\bin\server

VM Arguments:
jvm_args: -XX:TieredStopAtLevel=1 
java_command: com.ajayshinde.portfolio.PortfolioApplication
java_class_path (initial): C:\ajay_portfolio\backend\target\classes;C:\Users\HP\.m2\repository\org\springframework\boot\spring-boot\3.3.2\spring-boot-3.3.2.jar;C:\Users\HP\.m2\repository\org\springframework\boot\spring-boot-autoconfigure\3.3.2\spring-boot-autoconfigure-3.3.2.jar;C:\Users\HP\.m2\repository\ch\qos\logback\logback-classic\1.5.6\logback-classic-1.5.6.jar;C:\Users\HP\.m2\repository\ch\qos\logback\logback-core\1.5.6\logback-core-1.5.6.jar;C:\Users\HP\.m2\repository\org\apache\logging\log4j\log4j-to-slf4j\2.23.1\log4j-to-slf4j-2.23.1.jar;C:\Users\HP\.m2\repository\org\apache\logging\log4j\log4j-api\2.23.1\log4j-api-2.23.1.jar;C:\Users\HP\.m2\repository\org\slf4j\jul-to-slf4j\2.0.13\jul-to-slf4j-2.0.13.jar;C:\Users\HP\.m2\repository\jakarta\annotation\jakarta.annotation-api\2.1.1\jakarta.annotation-api-2.1.1.jar;C:\Users\HP\.m2\repository\org\yaml\snakeyaml\2.2\snakeyaml-2.2.jar;C:\Users\HP\.m2\repository\com\fasterxml\jackson\core\jackson-databind\2.17.2\jackson-databind-2.17.2.jar;C:\Users\HP\.m2\repository\com\fasterxml\jackson\core\jackson-annotations\2.17.2\jackson-annotations-2.17.2.jar;C:\Users\HP\.m2\repository\com\fasterxml\jackson\core\jackson-core\2.17.2\jackson-core-2.17.2.jar;C:\Users\HP\.m2\repository\com\fasterxml\jackson\datatype\jackson-datatype-jdk8\2.17.2\jackson-datatype-jdk8-2.17.2.jar;C:\Users\HP\.m2\repository\com\fasterxml\jackson\datatype\jackson-datatype-jsr310\2.17.2\jackson-datatype-jsr310-2.17.2.jar;C:\Users\HP\.m2\repository\com\fasterxml\jackson\module\jackson-module-parameter-names\2.17.2\jackson-module-parameter-names-2.17.2.jar;C:\Users\HP\.m2\repository\org\apache\tomcat\embed\tomcat-embed-core\10.1.26\tomcat-embed-core-10.1.26.jar;C:\Users\HP\.m2\repository\org\apache\tomcat\embed\tomcat-embed-websocket\10.1.26\tomcat-embed-websocket-10.1.26.jar;C:\Users\HP\.m2\repository\org\springframework\spring-web\6.1.11\spring-web-6.1.11.jar;C:\Users\HP\.m2\repository\org\springframework\spring-beans\6.1.11\spring-beans-6.1.11.jar;C:\Users\HP\.m2\repository\io\micrometer\micrometer-observation\1.13.2\micrometer-observation-1.13.2.jar;C:\Users\HP\.m2\repository\io\micrometer\micrometer-commons\1.13.2\micrometer-commons-1.13.2.jar;C:\Users\HP\.m2\repository\org\springframework\spring-webmvc\6.1.11\spring-webmvc-6.1.11.jar;C:\Users\HP\.m2\repository\org\springframework\spring-aop\6.1.11\spring-aop-6.1.11.jar;C:\Users\HP\.m2\repository\org\springframework\spring-context\6.1.11\spring-context-6.1.11.jar;C:\Users\HP\.m2\repository\org\springframework\spring-expression\6.1.11\spring-expression-6.1.11.jar;C:\Users\HP\.m2\repository\org\apache\tomcat\embed\tomcat-embed-el\10.1.26\tomcat-embed-el-10.1.26.jar;C:\Users\HP\.m2\repository\org\hibernate\validator\hibernate-validator\8.0.1.Final\hibernate-validator-8.0.1.Final.jar;C:\Users\HP\.m2\repository\jakarta\validation\jakarta.validation-api\3.0.2\jakarta.validation-api-3.0.2.jar;C:\Users\HP\.m2\repository\org\jboss\logging\jboss-logging\3.5.3.Final\jboss-logging-3.5.3.Final.jar;C:\Users\HP\.m2\repository\com\fasterxml\classmate\1.7.0\classmate-1.7.0.jar;C:\Users\HP\.m2\repository\org\springframework\spring-context-support\6.1.11\spring-context-support-6.1.11.jar;C:\Users\HP\.m2\repository\org\eclipse\angus\jakarta.mail\2.0.3\jakarta.mail-2.0.3.jar;C:\Users\HP\.m2\repository\jakarta\activation\jakarta.activation-api\2.1.3\jakarta.activation-api-2.1.3.jar;C:\Users\HP\.m2\repository\org\eclipse\angus\angus-activation\2.0.2\angus-activation-2.0.2.jar;C:\Users\HP\.m2\repository\org\aspectj\aspectjweaver\1.9.22.1\aspectjweaver-1.9.22.1.jar;C:\Users\HP\.m2\repository\com\zaxxer\HikariCP\5.1.0\HikariCP-5.1.0.jar;C:\Users\HP\.m2\repository\org\springframework\spring-jdbc\6.1.11\spring-jdbc-6.1.11.jar;C:\Users\HP\.m2\repository\org\hibernate\orm\hibernate-core\6.5.2.Final\hibernate-core-6.5.2.Final.jar;C:\Users\HP\.m2\repository\jakarta\persistence\jakarta.persistence-api\3.1.0\jakarta.persistence-api-3.1.0.jar;C:\Users\HP\.m2\repository\jakarta\transaction\jakarta.transaction-api\2.0.1\jakarta.transaction-api-2.0.1.jar;C:\Users\HP\.m2\repository\org\hibernate\common\hibernate-commons-annotations\6.0.6.Final\hibernate-commons-annotations-6.0.6.Final.jar;C:\Users\HP\.m2\repository\io\smallrye\jandex\3.1.2\jandex-3.1.2.jar;C:\Users\HP\.m2\repository\net\bytebuddy\byte-buddy\1.14.18\byte-buddy-1.14.18.jar;C:\Users\HP\.m2\repository\org\glassfish\jaxb\jaxb-runtime\4.0.5\jaxb-runtime-4.0.5.jar;C:\Users\HP\.m2\repository\org\glassfish\jaxb\jaxb-core\4.0.5\jaxb-core-4.0.5.jar;C:\Users\HP\.m2\repository\org\glassfish\jaxb\txw2\4.0.5\txw2-4.0.5.jar;C:\Users\HP\.m2\repository\com\sun\istack\istack-commons-runtime\4.1.2\istack-commons-runtime-4.1.2.jar;C:\Users\HP\.m2\repository\jakarta\inject\jakarta.inject-api\2.0.1\jakarta.inject-api-2.0.1.jar;C:\Users\HP\.m2\repository\org\antlr\antlr4-runtime\4.13.0\antlr4-runtime-4.13.0.jar;C:\Users\HP\.m2\repository\org\springframework\data\spring-data-jpa\3.3.2\spring-data-jpa-3.3.2.jar;C:\Users\HP\.m2\repository\org\springframework\data\spring-data-commons\3.3.2\spring-data-commons-3.3.2.jar;C:\Users\HP\.m2\repository\org\springframework\spring-orm\6.1.11\spring-orm-6.1.11.jar;C:\Users\HP\.m2\repository\org\springframework\spring-tx\6.1.11\spring-tx-6.1.11.jar;C:\Users\HP\.m2\repository\org\slf4j\slf4j-api\2.0.13\slf4j-api-2.0.13.jar;C:\Users\HP\.m2\repository\org\springframework\spring-aspects\6.1.11\spring-aspects-6.1.11.jar;C:\Users\HP\.m2\repository\com\h2database\h2\2.2.224\h2-2.2.224.jar;C:\Users\HP\.m2\repository\jakarta\xml\bind\jakarta.xml.bind-api\4.0.2\jakarta.xml.bind-api-4.0.2.jar;C:\Users\HP\.m2\repository\org\springframework\spring-core\6.1.11\spring-core-6.1.11.jar;C:\Users\HP\.m2\repository\org\springframework\spring-jcl\6.1.11\spring-jcl-6.1.11.jar
Launcher Type: SUN_STANDARD

[Global flags]
     intx CICompilerCount                          = 3                                         {product} {ergonomic}
     uint ConcGCThreads                            = 1                                         {product} {ergonomic}
     uint G1ConcRefinementThreads                  = 4                                         {product} {ergonomic}
   size_t G1HeapRegionSize                         = 1048576                                   {product} {ergonomic}
    uintx GCDrainStackTargetSize                   = 64                                        {product} {ergonomic}
   size_t InitialHeapSize                          = 134217728                                 {product} {ergonomic}
   size_t MarkStackSize                            = 4194304                                   {product} {ergonomic}
   size_t MaxHeapSize                              = 2116026368                                {product} {ergonomic}
   size_t MaxNewSize                               = 1268776960                                {product} {ergonomic}
   size_t MinHeapDeltaBytes                        = 1048576                                   {product} {ergonomic}
   size_t MinHeapSize                              = 8388608                                   {product} {ergonomic}
    uintx NonProfiledCodeHeapSize                  = 0                                      {pd product} {ergonomic}
     bool ProfileInterpreter                       = false                                  {pd product} {command line}
    uintx ProfiledCodeHeapSize                     = 0                                      {pd product} {ergonomic}
   size_t SoftMaxHeapSize                          = 2116026368                             {manageable} {ergonomic}
     intx TieredStopAtLevel                        = 1                                         {product} {command line}
     bool UseCompressedClassPointers               = true                           {product lp64_product} {ergonomic}
     bool UseCompressedOops                        = true                           {product lp64_product} {ergonomic}
     bool UseG1GC                                  = true                                      {product} {ergonomic}
     bool UseLargePagesIndividualAllocation        = false                                  {pd product} {ergonomic}

Logging:
Log output configuration:
 #0: stdout all=warning uptime,level,tags foldmultilines=false
 #1: stderr all=off uptime,level,tags foldmultilines=false

Environment Variables:
JAVA_HOME=C:\Program Files\Java\jdk-18.0.2.1
PATH=C:\Program Files\Common Files\Oracle\Java\javapath;C:\MinGW\bin;C:\MinGW\bin\gcc.exe;C:\Program Files\dotnet\;C:\Users\HP\Downloads\apache-maven-3.9.9-bin\apache-maven-3.9.9\bin;C:\Users\HP\apache-maven-3.9.9\bin;C:\Program Files\apache-maven-3.9.9\bin;C:\Program Files\apache-maven-3.9.9\bin;C:\Users\HP\Downloads\nvm;C:\Program Files\nodejs;C:\Program Files\nodejs\node_modules\npm\bin;C:\Program Files\nodejs\;C:\Program Files\Microsoft SQL Server\170\Tools\Binn\;C:\Program Files\Microsoft SQL Server\Client SDK\ODBC\170\Tools\Binn\;C:\Program Files (x86)\Windows Kits\10\Windows Performance Toolkit\;"C:\msys64\mingw64\bin;C:\Users\HP\AppData\Local\Programs\Python\Python310\Scripts\";C:\Windows\system32;C:\Windows;C:\Windows\System32\Wbem;C:\Windows\System32\WindowsPowerShell\v1.0\;C:\Windows\System32\OpenSSH\;C:\Users\HP\Documents\Program Files\MySQL\MySQL Server 8.0\bin;C:\Users\HP\AppData\Local\Microsoft\WindowsApps;C:\Users\HP\AppData\Local\Programs\Microsoft VS Code\bin;C:\Python39\Scripts;C:\Users\HP\AppData\Local\Programs\mongosh\;C:\Users\HP\.dotnet\tools;C:\Users\HP\Downloads\nvm;C:\Program Files\nodejs;C:\Users\HP\AppData\Roaming\npm;c:\Users\HP\.vscode\extensions\vscjava.vscode-java-debug-0.59.0\bundled\scripts\noConfigScripts
USERNAME=HP
LANG=en_US.UTF-8
OS=Windows_NT
PROCESSOR_IDENTIFIER=Intel64 Family 6 Model 142 Stepping 10, GenuineIntel



---------------  S Y S T E M  ---------------

OS:
 Windows 10 , 64 bit Build 19041 (10.0.19041.5915)
OS uptime: 22 days 5:48 hours

CPU: total 4 (initial active 4) (2 cores per cpu, 2 threads per core) family 6 model 142 stepping 10 microcode 0xb4, cx8, cmov, fxsr, ht, mmx, 3dnowpref, sse, sse2, sse3, ssse3, sse4.1, sse4.2, popcnt, lzcnt, tsc, tscinvbit, avx, avx2, aes, erms, clmul, bmi1, bmi2, adx, fma, vzeroupper, clflush, clflushopt

Memory: 4k page, system-wide physical 8071M (1188M free)
TotalPageFile size 20787M (AvailPageFile size 3711M)
current process WorkingSet (physical memory assigned to process): 104M, peak: 243M
current process commit charge ("private bytes"): 278M, peak: 281M

vm_info: Java HotSpot(TM) 64-Bit Server VM (18.0.2.1+1-1) for windows-amd64 JRE (18.0.2.1+1-1), built on Aug 16 2022 01:46:33 by "mach5one" with MS VC++ 16.8 / 16.9 (VS2019)

END.
